Component: ARM Compiler 5.05 update 1 (build 106) Tool: armlink [4d0efa]

==============================================================================

Section Cross References

    startup_stm32f10x_md.o(RESET) refers to startup_stm32f10x_md.o(STACK) for __initial_sp
    startup_stm32f10x_md.o(RESET) refers to startup_stm32f10x_md.o(.text) for Reset_Handler
    startup_stm32f10x_md.o(RESET) refers to stm32f10x_it.o(i.NMI_Handler) for NMI_Handler
    startup_stm32f10x_md.o(RESET) refers to stm32f10x_it.o(i.HardFault_Handler) for HardFault_Handler
    startup_stm32f10x_md.o(RESET) refers to stm32f10x_it.o(i.MemManage_Handler) for MemManage_Handler
    startup_stm32f10x_md.o(RESET) refers to stm32f10x_it.o(i.BusFault_Handler) for BusFault_Handler
    startup_stm32f10x_md.o(RESET) refers to stm32f10x_it.o(i.UsageFault_Handler) for UsageFault_Handler
    startup_stm32f10x_md.o(RESET) refers to stm32f10x_it.o(i.SVC_Handler) for SVC_Handler
    startup_stm32f10x_md.o(RESET) refers to stm32f10x_it.o(i.DebugMon_Handler) for DebugMon_Handler
    startup_stm32f10x_md.o(RESET) refers to stm32f10x_it.o(i.PendSV_Handler) for PendSV_Handler
    startup_stm32f10x_md.o(RESET) refers to stm32f10x_it.o(i.SysTick_Handler) for SysTick_Handler
    startup_stm32f10x_md.o(RESET) refers to stm32f10x_it.o(i.ADC1_2_IRQHandler) for ADC1_2_IRQHandler
    startup_stm32f10x_md.o(RESET) refers to stm32f10x_it.o(i.USB_LP_CAN1_RX0_IRQHandler) for USB_LP_CAN1_RX0_IRQHandler
    startup_stm32f10x_md.o(RESET) refers to stm32f10x_it.o(i.TIM1_UP_IRQHandler) for TIM1_UP_IRQHandler
    startup_stm32f10x_md.o(RESET) refers to stm32f10x_it.o(i.TIM2_IRQHandler) for TIM2_IRQHandler
    startup_stm32f10x_md.o(RESET) refers to stm32f10x_it.o(i.TIM3_IRQHandler) for TIM3_IRQHandler
    startup_stm32f10x_md.o(RESET) refers to stm32f10x_it.o(i.USART1_IRQHandler) for USART1_IRQHandler
    startup_stm32f10x_md.o(RESET) refers to stm32f10x_it.o(i.EXTI15_10_IRQHandler) for EXTI15_10_IRQHandler
    startup_stm32f10x_md.o(.text) refers to system_stm32f10x.o(i.SystemInit) for SystemInit
    startup_stm32f10x_md.o(.text) refers to entry.o(.ARM.Collect$$$$00000000) for __main
    system_stm32f10x.o(i.SetSysClock) refers to system_stm32f10x.o(i.SetSysClockTo72) for SetSysClockTo72
    system_stm32f10x.o(i.SystemCoreClockUpdate) refers to system_stm32f10x.o(.data) for SystemCoreClock
    system_stm32f10x.o(i.SystemInit) refers to system_stm32f10x.o(i.SetSysClock) for SetSysClock
    stm32f10x_adc.o(i.ADC_DeInit) refers to stm32f10x_rcc.o(i.RCC_APB2PeriphResetCmd) for RCC_APB2PeriphResetCmd
    stm32f10x_bkp.o(i.BKP_DeInit) refers to stm32f10x_rcc.o(i.RCC_BackupResetCmd) for RCC_BackupResetCmd
    stm32f10x_can.o(i.CAN_DeInit) refers to stm32f10x_rcc.o(i.RCC_APB1PeriphResetCmd) for RCC_APB1PeriphResetCmd
    stm32f10x_can.o(i.CAN_GetITStatus) refers to stm32f10x_can.o(i.CheckITStatus) for CheckITStatus
    stm32f10x_cec.o(i.CEC_DeInit) refers to stm32f10x_rcc.o(i.RCC_APB1PeriphResetCmd) for RCC_APB1PeriphResetCmd
    stm32f10x_dac.o(i.DAC_DeInit) refers to stm32f10x_rcc.o(i.RCC_APB1PeriphResetCmd) for RCC_APB1PeriphResetCmd
    stm32f10x_flash.o(i.FLASH_EnableWriteProtection) refers to stm32f10x_flash.o(i.FLASH_WaitForLastOperation) for FLASH_WaitForLastOperation
    stm32f10x_flash.o(i.FLASH_EraseAllBank1Pages) refers to stm32f10x_flash.o(i.FLASH_WaitForLastBank1Operation) for FLASH_WaitForLastBank1Operation
    stm32f10x_flash.o(i.FLASH_EraseAllPages) refers to stm32f10x_flash.o(i.FLASH_WaitForLastOperation) for FLASH_WaitForLastOperation
    stm32f10x_flash.o(i.FLASH_EraseOptionBytes) refers to stm32f10x_flash.o(i.FLASH_GetReadOutProtectionStatus) for FLASH_GetReadOutProtectionStatus
    stm32f10x_flash.o(i.FLASH_EraseOptionBytes) refers to stm32f10x_flash.o(i.FLASH_WaitForLastOperation) for FLASH_WaitForLastOperation
    stm32f10x_flash.o(i.FLASH_ErasePage) refers to stm32f10x_flash.o(i.FLASH_WaitForLastOperation) for FLASH_WaitForLastOperation
    stm32f10x_flash.o(i.FLASH_ProgramHalfWord) refers to stm32f10x_flash.o(i.FLASH_WaitForLastOperation) for FLASH_WaitForLastOperation
    stm32f10x_flash.o(i.FLASH_ProgramOptionByteData) refers to stm32f10x_flash.o(i.FLASH_WaitForLastOperation) for FLASH_WaitForLastOperation
    stm32f10x_flash.o(i.FLASH_ProgramWord) refers to stm32f10x_flash.o(i.FLASH_WaitForLastOperation) for FLASH_WaitForLastOperation
    stm32f10x_flash.o(i.FLASH_ReadOutProtection) refers to stm32f10x_flash.o(i.FLASH_WaitForLastOperation) for FLASH_WaitForLastOperation
    stm32f10x_flash.o(i.FLASH_UserOptionByteConfig) refers to stm32f10x_flash.o(i.FLASH_WaitForLastOperation) for FLASH_WaitForLastOperation
    stm32f10x_flash.o(i.FLASH_WaitForLastBank1Operation) refers to stm32f10x_flash.o(i.FLASH_GetBank1Status) for FLASH_GetBank1Status
    stm32f10x_flash.o(i.FLASH_WaitForLastOperation) refers to stm32f10x_flash.o(i.FLASH_GetBank1Status) for FLASH_GetBank1Status
[...]
    Removing stm32f10x_spi.o(i.SPI_SSOutputCmd), (24 bytes).
    Removing stm32f10x_spi.o(i.SPI_StructInit), (24 bytes).
    Removing stm32f10x_spi.o(i.SPI_TransmitCRC), (10 bytes).
    Removing stm32f10x_tim.o(i.TI1_Config), (128 bytes).
    Removing stm32f10x_tim.o(i.TI2_Config), (152 bytes).
    Removing stm32f10x_tim.o(i.TI3_Config), (144 bytes).
    Removing stm32f10x_tim.o(i.TI4_Config), (152 bytes).
    Removing stm32f10x_tim.o(i.TIM_BDTRConfig), (32 bytes).
    Removing stm32f10x_tim.o(i.TIM_BDTRStructInit), (18 bytes).
    Removing stm32f10x_tim.o(i.TIM_CCPreloadControl), (24 bytes).
    Removing stm32f10x_tim.o(i.TIM_CCxCmd), (30 bytes).
    Removing stm32f10x_tim.o(i.TIM_CCxNCmd), (30 bytes).
    Removing stm32f10x_tim.o(i.TIM_ClearOC1Ref), (18 bytes).
    Removing stm32f10x_tim.o(i.TIM_ClearOC2Ref), (24 bytes).
    Removing stm32f10x_tim.o(i.TIM_ClearOC3Ref), (18 bytes).
    Removing stm32f10x_tim.o(i.TIM_ClearOC4Ref), (24 bytes).
    Removing stm32f10x_tim.o(i.TIM_CounterModeConfig), (18 bytes).
    Removing stm32f10x_tim.o(i.TIM_DMACmd), (18 bytes).
    Removing stm32f10x_tim.o(i.TIM_DMAConfig), (10 bytes).
    Removing stm32f10x_tim.o(i.TIM_DeInit), (488 bytes).
    Removing stm32f10x_tim.o(i.TIM_ETRClockMode1Config), (54 bytes).
    Removing stm32f10x_tim.o(i.TIM_ETRClockMode2Config), (32 bytes).
    Removing stm32f10x_tim.o(i.TIM_ETRConfig), (28 bytes).
    Removing stm32f10x_tim.o(i.TIM_EncoderInterfaceConfig), (66 bytes).
    Removing stm32f10x_tim.o(i.TIM_ForcedOC1Config), (18 bytes).
    Removing stm32f10x_tim.o(i.TIM_ForcedOC2Config), (26 bytes).
    Removing stm32f10x_tim.o(i.TIM_ForcedOC3Config), (18 bytes).
    Removing stm32f10x_tim.o(i.TIM_ForcedOC4Config), (26 bytes).
    Removing stm32f10x_tim.o(i.TIM_GenerateEvent), (4 bytes).
    Removing stm32f10x_tim.o(i.TIM_GetCapture1), (6 bytes).
    Removing stm32f10x_tim.o(i.TIM_GetCapture2), (6 bytes).
    Removing stm32f10x_tim.o(i.TIM_GetCapture3), (6 bytes).
    Removing stm32f10x_tim.o(i.TIM_GetCapture4), (8 bytes).
    Removing stm32f10x_tim.o(i.TIM_GetCounter), (6 bytes).
    Removing stm32f10x_tim.o(i.TIM_GetFlagStatus), (18 bytes).
    Removing stm32f10x_tim.o(i.TIM_GetPrescaler), (6 bytes).
    Removing stm32f10x_tim.o(i.TIM_ICInit), (172 bytes).
    Removing stm32f10x_tim.o(i.TIM_ICStructInit), (18 bytes).
    Removing stm32f10x_tim.o(i.TIM_ITRxExternalClockConfig), (24 bytes).
    Removing stm32f10x_tim.o(i.TIM_InternalClockConfig), (12 bytes).
    Removing stm32f10x_tim.o(i.TIM_OC1FastConfig), (18 bytes).
    Removing stm32f10x_tim.o(i.TIM_OC1NPolarityConfig), (18 bytes).
    Removing stm32f10x_tim.o(i.TIM_OC1PolarityConfig), (18 bytes).
    Removing stm32f10x_tim.o(i.TIM_OC2FastConfig), (26 bytes).
    Removing stm32f10x_tim.o(i.TIM_OC2NPolarityConfig), (26 bytes).
    Removing stm32f10x_tim.o(i.TIM_OC2PolarityConfig), (26 bytes).
    Removing stm32f10x_tim.o(i.TIM_OC3FastConfig), (18 bytes).
    Removing stm32f10x_tim.o(i.TIM_OC3NPolarityConfig), (26 bytes).
    Removing stm32f10x_tim.o(i.TIM_OC3PolarityConfig), (26 bytes).
    Removing stm32f10x_tim.o(i.TIM_OC4FastConfig), (26 bytes).
    Removing stm32f10x_tim.o(i.TIM_OC4Init), (124 bytes).
    Removing stm32f10x_tim.o(i.TIM_OC4PolarityConfig), (26 bytes).
    Removing stm32f10x_tim.o(i.TIM_OC4PreloadConfig), (26 bytes).
    Removing stm32f10x_tim.o(i.TIM_OCStructInit), (20 bytes).
    Removing stm32f10x_tim.o(i.TIM_PWMIConfig), (124 bytes).
    Removing stm32f10x_tim.o(i.TIM_PrescalerConfig), (6 bytes).
    Removing stm32f10x_tim.o(i.TIM_SelectCCDMA), (24 bytes).
    Removing stm32f10x_tim.o(i.TIM_SelectCOM), (24 bytes).
    Removing stm32f10x_tim.o(i.TIM_SelectHallSensor), (24 bytes).
    Removing stm32f10x_tim.o(i.TIM_SelectInputTrigger), (18 bytes).
    Removing stm32f10x_tim.o(i.TIM_SelectMasterSlaveMode), (18 bytes).
    Removing stm32f10x_tim.o(i.TIM_SelectOCxM), (82 bytes).
    Removing stm32f10x_tim.o(i.TIM_SelectOnePulseMode), (18 bytes).
    Removing stm32f10x_tim.o(i.TIM_SelectOutputTrigger), (18 bytes).
    Removing stm32f10x_tim.o(i.TIM_SelectSlaveMode), (18 bytes).
    Removing stm32f10x_tim.o(i.TIM_SetAutoreload), (4 bytes).
    Removing stm32f10x_tim.o(i.TIM_SetClockDivision), (18 bytes).
    Removing stm32f10x_tim.o(i.TIM_SetCompare1), (4 bytes).
    Removing stm32f10x_tim.o(i.TIM_SetCompare4), (6 bytes).
    Removing stm32f10x_tim.o(i.TIM_SetCounter), (4 bytes).
    Removing stm32f10x_tim.o(i.TIM_SetIC1Prescaler), (18 bytes).
    Removing stm32f10x_tim.o(i.TIM_SetIC2Prescaler), (26 bytes).
    Removing stm32f10x_tim.o(i.TIM_SetIC3Prescaler), (18 bytes).
    Removing stm32f10x_tim.o(i.TIM_SetIC4Prescaler), (26 bytes).
    Removing stm32f10x_tim.o(i.TIM_TIxExternalClockConfig), (62 bytes).
    Removing stm32f10x_tim.o(i.TIM_TimeBaseStructInit), (18 bytes).
    Removing stm32f10x_tim.o(i.TIM_UpdateDisableConfig), (24 bytes).
    Removing stm32f10x_tim.o(i.TIM_UpdateRequestConfig), (24 bytes).
    Removing stm32f10x_usart.o(i.USART_ClockInit), (34 bytes).
    Removing stm32f10x_usart.o(i.USART_ClockStructInit), (12 bytes).
    Removing stm32f10x_usart.o(i.USART_DeInit), (156 bytes).
    Removing stm32f10x_usart.o(i.USART_HalfDuplexCmd), (24 bytes).
    Removing stm32f10x_usart.o(i.USART_IrDACmd), (24 bytes).
    Removing stm32f10x_usart.o(i.USART_IrDAConfig), (18 bytes).
    Removing stm32f10x_usart.o(i.USART_LINBreakDetectLengthConfig), (18 bytes).
    Removing stm32f10x_usart.o(i.USART_LINCmd), (24 bytes).
    Removing stm32f10x_usart.o(i.USART_OneBitMethodCmd), (24 bytes).
    Removing stm32f10x_usart.o(i.USART_OverSampling8Cmd), (22 bytes).
    Removing stm32f10x_usart.o(i.USART_ReceiverWakeUpCmd), (24 bytes).
    Removing stm32f10x_usart.o(i.USART_SendBreak), (10 bytes).
    Removing stm32f10x_usart.o(i.USART_SetAddress), (18 bytes).
    Removing stm32f10x_usart.o(i.USART_SetGuardTime), (16 bytes).
    Removing stm32f10x_usart.o(i.USART_SetPrescaler), (16 bytes).
    Removing stm32f10x_usart.o(i.USART_SmartCardCmd), (24 bytes).
    Removing stm32f10x_usart.o(i.USART_SmartCardNACKCmd), (24 bytes).
    Removing stm32f10x_usart.o(i.USART_StructInit), (24 bytes).
    Removing stm32f10x_usart.o(i.USART_WakeUpConfig), (18 bytes).
    Removing stm32f10x_wwdg.o(i.WWDG_ClearFlag), (12 bytes).
    Removing stm32f10x_wwdg.o(i.WWDG_DeInit), (22 bytes).
    Removing stm32f10x_wwdg.o(i.WWDG_Enable), (16 bytes).
    Removing stm32f10x_wwdg.o(i.WWDG_EnableIT), (12 bytes).
    Removing stm32f10x_wwdg.o(i.WWDG_GetFlagStatus), (12 bytes).
    Removing stm32f10x_wwdg.o(i.WWDG_SetCounter), (16 bytes).
    Removing stm32f10x_wwdg.o(i.WWDG_SetPrescaler), (24 bytes).
    Removing stm32f10x_wwdg.o(i.WWDG_SetWindowValue), (40 bytes).
    Removing digital.o(i.Digital_pointmove_status), (38 bytes).
    Removing oled.o(i.OLED_On), (62 bytes).
    Removing adc.o(i.read_adc_value), (56 bytes).
    Removing usart.o(i.fgetc), (32 bytes).
    Removing usart.o(i.fputc), (36 bytes).
    Removing stm32f10x_it.o(i.Delay_ms), (24 bytes).
    Removing flatbed_usb.o(i.DT_Data_Receive_Prepare), (240 bytes).
    Removing can.o(i.CAN_Transmit_data), (16 bytes).
    Removing messages.o(i.GetMessage), (48 bytes).
    Removing messages.o(i.PutMessage), (40 bytes).
    Removing messages.o(i.QueueEmptyOrError), (28 bytes).
    Removing messages.o(.bss), (66 bytes).

419 unused section(s) (total 15422 bytes) removed from the image.

==============================================================================

Image Symbol Table

    Local Symbols

    Symbol Name                              Value     Ov Type        Size  Object(Section)

    ../clib/microlib/init/entry.s            0x00000000   Number         0  entry10b.o ABSOLUTE
    ../clib/microlib/init/entry.s            0x00000000   Number         0  entry10a.o ABSOLUTE
    ../clib/microlib/init/entry.s            0x00000000   Number         0  entry11b.o ABSOLUTE
    ../clib/microlib/init/entry.s            0x00000000   Number         0  entry5.o ABSOLUTE
    ../clib/microlib/init/entry.s            0x00000000   Number         0  entry9b.o ABSOLUTE
    ../clib/microlib/init/entry.s            0x00000000   Number         0  entry8b.o ABSOLUTE
    ../clib/microlib/init/entry.s            0x00000000   Number         0  entry.o ABSOLUTE
    ../clib/microlib/init/entry.s            0x00000000   Number         0  entry8a.o ABSOLUTE
    ../clib/microlib/init/entry.s            0x00000000   Number         0  entry7b.o ABSOLUTE
    ../clib/microlib/init/entry.s            0x00000000   Number         0  entry2.o ABSOLUTE
    ../clib/microlib/init/entry.s            0x00000000   Number         0  entry11a.o ABSOLUTE
    ../clib/microlib/init/entry.s            0x00000000   Number         0  entry7a.o ABSOLUTE
    ../clib/microlib/init/entry.s            0x00000000   Number         0  entry9a.o ABSOLUTE
    ../clib/microlib/malloc/malloc.c         0x00000000   Number         0  malloca.o ABSOLUTE
    ../clib/microlib/malloc/malloc.c         0x00000000   Number         0  mallocr.o ABSOLUTE
    ../clib/microlib/malloc/malloc.c         0x00000000   Number         0  mallocra.o ABSOLUTE
    ../clib/microlib/malloc/malloc.c         0x00000000   Number         0  malloc.o ABSOLUTE
    ../clib/microlib/malloc/mvars.c          0x00000000   Number         0  mvars.o ABSOLUTE
    ../clib/microlib/string/memcpy.c         0x00000000   Number         0  memcpya.o ABSOLUTE
    ../clib/microlib/string/memcpy.c         0x00000000   Number         0  memcpyb.o ABSOLUTE
    ../clib/microlib/string/memset.c         0x00000000   Number         0  memseta.o ABSOLUTE
    ../clib/microlib/stubs.s                 0x00000000   Number         0  iusefp.o ABSOLUTE
    ../fplib/microlib/fpdiv.c                0x00000000   Number         0  fdiv.o ABSOLUTE
    ../fplib/microlib/fpepilogue.c           0x00000000   Number         0  fepilogue.o ABSOLUTE
    ../fplib/microlib/fpfix.c                0x00000000   Number         0  ffixui.o ABSOLUTE
    ../fplib/microlib/fpflt.c                0x00000000   Number         0  ffltui.o ABSOLUTE
    ../fplib/microlib/fpmul.c                0x00000000   Number         0  fmul.o ABSOLUTE
    CMSIS\\core_cm3.c                        0x00000000   Number         0  core_cm3.o ABSOLUTE
    CMSIS\core_cm3.c                         0x00000000   Number         0  core_cm3.o ABSOLUTE
    CMSIS\system_stm32f10x.c                 0x00000000   Number         0  system_stm32f10x.o ABSOLUTE
    Lib\src\misc.c                           0x00000000   Number         0  misc.o ABSOLUTE
    Lib\src\stm32f10x_adc.c                  0x00000000   Number         0  stm32f10x_adc.o ABSOLUTE
    Lib\src\stm32f10x_bkp.c                  0x00000000   Number         0  stm32f10x_bkp.o ABSOLUTE
    Lib\src\stm32f10x_can.c                  0x00000000   Number         0  stm32f10x_can.o ABSOLUTE
    Lib\src\stm32f10x_cec.c                  0x00000000   Number         0  stm32f10x_cec.o ABSOLUTE
    Lib\src\stm32f10x_crc.c                  0x00000000   Number         0  stm32f10x_crc.o ABSOLUTE
    Lib\src\stm32f10x_dac.c                  0x00000000   Number         0  stm32f10x_dac.o ABSOLUTE
    Lib\src\stm32f10x_dbgmcu.c               0x00000000   Number         0  stm32f10x_dbgmcu.o ABSOLUTE
    Lib\src\stm32f10x_dma.c                  0x00000000   Number         0  stm32f10x_dma.o ABSOLUTE
    Lib\src\stm32f10x_exti.c                 0x00000000   Number         0  stm32f10x_exti.o ABSOLUTE
    Lib\src\stm32f10x_flash.c                0x00000000   Number         0  stm32f10x_flash.o ABSOLUTE
    Lib\src\stm32f10x_fsmc.c                 0x00000000   Number         0  stm32f10x_fsmc.o ABSOLUTE
    Lib\src\stm32f10x_gpio.c                 0x00000000   Number         0  stm32f10x_gpio.o ABSOLUTE
    Lib\src\stm32f10x_i2c.c                  0x00000000   Number         0  stm32f10x_i2c.o ABSOLUTE
    Lib\src\stm32f10x_iwdg.c                 0x00000000   Number         0  stm32f10x_iwdg.o ABSOLUTE
    Lib\src\stm32f10x_pwr.c                  0x00000000   Number         0  stm32f10x_pwr.o ABSOLUTE
    Lib\src\stm32f10x_rcc.c                  0x00000000   Number         0  stm32f10x_rcc.o ABSOLUTE
    Lib\src\stm32f10x_rtc.c                  0x00000000   Number         0  stm32f10x_rtc.o ABSOLUTE
    Lib\src\stm32f10x_sdio.c                 0x00000000   Number         0  stm32f10x_sdio.o ABSOLUTE
    Lib\src\stm32f10x_spi.c                  0x00000000   Number         0  stm32f10x_spi.o ABSOLUTE
    Lib\src\stm32f10x_tim.c                  0x00000000   Number         0  stm32f10x_tim.o ABSOLUTE
    Lib\src\stm32f10x_usart.c                0x00000000   Number         0  stm32f10x_usart.o ABSOLUTE
    Lib\src\stm32f10x_wwdg.c                 0x00000000   Number         0  stm32f10x_wwdg.o ABSOLUTE
    STARTUP\startup_stm32f10x_md.s           0x00000000   Number         0  startup_stm32f10x_md.o ABSOLUTE
    User\ADC.c                               0x00000000   Number         0  adc.o ABSOLUTE
    User\CAN.c                               0x00000000   Number         0  can.o ABSOLUTE
    User\Digital.c                           0x00000000   Number         0  digital.o ABSOLUTE
    User\Messages.c                          0x00000000   Number         0  messages.o ABSOLUTE
    User\PWM.c                               0x00000000   Number         0  pwm.o ABSOLUTE
    User\Timer.c                             0x00000000   Number         0  timer.o ABSOLUTE
    User\USART.c                             0x00000000   Number         0  usart.o ABSOLUTE
    User\flatbed_usb.c                       0x00000000   Number         0  flatbed_usb.o ABSOLUTE
    User\main.c                              0x00000000   Number         0  main.o ABSOLUTE
    User\oled.c                              0x00000000   Number         0  oled.o ABSOLUTE
    User\stm32f10x_it.c                      0x00000000   Number         0  stm32f10x_it.o ABSOLUTE
    dc.s                                     0x00000000   Number         0  dc.o ABSOLUTE
    handlers.s                               0x00000000   Number         0  handlers.o ABSOLUTE
    init.s                                   0x00000000   Number         0  init.o ABSOLUTE
    RESET                                    0x08000000   Section      236  startup_stm32f10x_md.o(RESET)
    .ARM.Collect$$$$00000000                 0x080000ec   Section        0  entry.o(.ARM.Collect$$$$00000000)
    .ARM.Collect$$$$00000001                 0x080000ec   Section        4  entry2.o(.ARM.Collect$$$$00000001)
    .ARM.Collect$$$$00000004                 0x080000f0   Section        4  entry5.o(.ARM.Collect$$$$00000004)
    .ARM.Collect$$$$00000008                 0x080000f4   Section        0  entry7b.o(.ARM.Collect$$$$00000008)
    .ARM.Collect$$$$0000000A                 0x080000f4   Section        0  entry8b.o(.ARM.Collect$$$$0000000A)
    .ARM.Collect$$$$0000000B                 0x080000f4   Section        8  entry9a.o(.ARM.Collect$$$$0000000B)
    .ARM.Collect$$$$0000000D                 0x080000fc   Section        0  entry10a.o(.ARM.Collect$$$$0000000D)
    .ARM.Collect$$$$0000000F                 0x080000fc   Section        0  entry11a.o(.ARM.Collect$$$$0000000F)
    .ARM.Collect$$$$00002712                 0x080000fc   Section        4  entry2.o(.ARM.Collect$$$$00002712)
    __lit__00000000                          0x080000fc   Data           4  entry2.o(.ARM.Collect$$$$00002712)
    .text                                    0x08000100   Section       36  startup_stm32f10x_md.o(.text)
    .text                                    0x08000124   Section        0  memseta.o(.text)
    .text                                    0x08000148   Section        0  fmul.o(.text)
    .text                                    0x080001ac   Section        0  fdiv.o(.text)
    .text                                    0x08000228   Section        0  ffltui.o(.text)
    .text                                    0x08000232   Section        0  ffixui.o(.text)
    .text                                    0x0800025a   Section        0  fepilogue.o(.text)
    .text                                    0x0800025a   Section        0  iusefp.o(.text)
    .text                                    0x080002c8   Section       36  init.o(.text)
    i.ADC1_2_IRQHandler                      0x080002ec   Section        0  stm32f10x_it.o(i.ADC1_2_IRQHandler)
    i.ADC_ClearITPendingBit                  0x0800031c   Section        0  stm32f10x_adc.o(i.ADC_ClearITPendingBit)
    i.ADC_Cmd                                0x08000326   Section        0  stm32f10x_adc.o(i.ADC_Cmd)
    i.ADC_DMACmd                             0x0800033c   Section        0  stm32f10x_adc.o(i.ADC_DMACmd)
    i.ADC_DMA_ConfigInit                     0x08000354   Section        0  adc.o(i.ADC_DMA_ConfigInit)
    i.ADC_GPIO_Config                        0x08000370   Section        0  adc.o(i.ADC_GPIO_Config)
    ADC_GPIO_Config                          0x08000371   Thumb Code    38  adc.o(i.ADC_GPIO_Config)
    i.ADC_GetCalibrationStatus               0x0800039c   Section        0  stm32f10x_adc.o(i.ADC_GetCalibrationStatus)
    i.ADC_GetConversionValue                 0x080003b0   Section        0  stm32f10x_adc.o(i.ADC_GetConversionValue)
    i.ADC_GetITStatus                        0x080003b8   Section        0  stm32f10x_adc.o(i.ADC_GetITStatus)
    i.ADC_GetResetCalibrationStatus          0x080003dc   Section        0  stm32f10x_adc.o(i.ADC_GetResetCalibrationStatus)
    i.ADC_Init                               0x080003f0   Section        0  stm32f10x_adc.o(i.ADC_Init)
    i.ADC_Mode_Config                        0x08000440   Section        0  adc.o(i.ADC_Mode_Config)
    ADC_Mode_Config                          0x08000441   Thumb Code   282  adc.o(i.ADC_Mode_Config)
    i.ADC_NVIC_Init                          0x08000568   Section        0  adc.o(i.ADC_NVIC_Init)
    ADC_NVIC_Init                            0x08000569   Thumb Code    38  adc.o(i.ADC_NVIC_Init)
    i.ADC_RegularChannelConfig               0x0800058e   Section        0  stm32f10x_adc.o(i.ADC_RegularChannelConfig)
    i.ADC_ResetCalibration                   0x08000646   Section        0  stm32f10x_adc.o(i.ADC_ResetCalibration)
    i.ADC_SoftwareStartConvCmd               0x08000650   Section        0  stm32f10x_adc.o(i.ADC_SoftwareStartConvCmd)
    i.ADC_StartCalibration                   0x08000666   Section        0  stm32f10x_adc.o(i.ADC_StartCalibration)
    i.AD_In_value                            0x08000670   Section        0  adc.o(i.AD_In_value)
    i.APPdata_deal                           0x08000730   Section        0  flatbed_usb.o(i.APPdata_deal)
    i.BlueLight_PwmMode_Config               0x08000844   Section        0  pwm.o(i.BlueLight_PwmMode_Config)
    BlueLight_PwmMode_Config                 0x08000845   Thumb Code    96  pwm.o(i.BlueLight_PwmMode_Config)
    i.BusFault_Handler                       0x080008a8   Section        0  stm32f10x_it.o(i.BusFault_Handler)
    i.CANPro_Init                            0x080008ac   Section        0  can.o(i.CANPro_Init)
    i.CAN_DeInit                             0x080008d0   Section        0  stm32f10x_can.o(i.CAN_DeInit)
    i.CAN_FilterInit                         0x08000908   Section        0  stm32f10x_can.o(i.CAN_FilterInit)
    i.CAN_Filter_Config                      0x08000a10   Section        0  can.o(i.CAN_Filter_Config)
    CAN_Filter_Config                        0x08000a11   Thumb Code    88  can.o(i.CAN_Filter_Config)
    i.CAN_GPIO_Config                        0x08000a6c   Section        0  can.o(i.CAN_GPIO_Config)
    CAN_GPIO_Config                          0x08000a6d   Thumb Code    68  can.o(i.CAN_GPIO_Config)
    i.CAN_ITConfig                           0x08000ab4   Section        0  stm32f10x_can.o(i.CAN_ITConfig)
    i.CAN_Init                               0x08000ac6   Section        0  stm32f10x_can.o(i.CAN_Init)
    i.CAN_Message_Analysis                   0x08000bda   Section        0  can.o(i.CAN_Message_Analysis)
    CAN_Message_Analysis                     0x08000bdb   Thumb Code     2  can.o(i.CAN_Message_Analysis)
    i.CAN_Message_Send                       0x08000bdc   Section        0  can.o(i.CAN_Message_Send)
    CAN_Message_Send                         0x08000bdd   Thumb Code     2  can.o(i.CAN_Message_Send)
    i.CAN_Mode_Config                        0x08000be0   Section        0  can.o(i.CAN_Mode_Config)
    CAN_Mode_Config                          0x08000be1   Thumb Code    90  can.o(i.CAN_Mode_Config)
    i.CAN_NVIC_Config                        0x08000c40   Section        0  can.o(i.CAN_NVIC_Config)
    CAN_NVIC_Config                          0x08000c41   Thumb Code    42  can.o(i.CAN_NVIC_Config)
    i.CAN_Receive                            0x08000c6a   Section        0  stm32f10x_can.o(i.CAN_Receive)
    i.CAN_Receive_data                       0x08000d5c   Section        0  can.o(i.CAN_Receive_data)
    i.CAN_SetMsg                             0x08000da4   Section        0  can.o(i.CAN_SetMsg)
    i.CAN_StructInit                         0x08000e00   Section        0  stm32f10x_can.o(i.CAN_StructInit)
    i.CAN_Transmit                           0x08000e20   Section        0  stm32f10x_can.o(i.CAN_Transmit)
    i.Command21_sendFun                      0x08000f48   Section        0  flatbed_usb.o(i.Command21_sendFun)
    Command21_sendFun                        0x08000f49   Thumb Code   122  flatbed_usb.o(i.Command21_sendFun)
    i.DMA_ClearFlag                          0x08000fc8   Section        0  stm32f10x_dma.o(i.DMA_ClearFlag)
    i.DMA_Cmd                                0x08000fe4   Section        0  stm32f10x_dma.o(i.DMA_Cmd)
    i.DMA_DeInit                             0x08000ffc   Section        0  stm32f10x_dma.o(i.DMA_DeInit)
    i.DMA_GetCurrDataCounter                 0x08001148   Section        0  stm32f10x_dma.o(i.DMA_GetCurrDataCounter)
    i.DMA_Init                               0x08001150   Section        0  stm32f10x_dma.o(i.DMA_Init)
    i.DMA_Uart_RX_Init                       0x0800118c   Section        0  usart.o(i.DMA_Uart_RX_Init)
    DMA_Uart_RX_Init                         0x0800118d   Thumb Code   110  usart.o(i.DMA_Uart_RX_Init)
    i.DMAget_rx_byte                         0x08001208   Section        0  usart.o(i.DMAget_rx_byte)
    i.DT_Send_Data                           0x08001238   Section        0  flatbed_usb.o(i.DT_Send_Data)
    DT_Send_Data                             0x08001239   Thumb Code    18  flatbed_usb.o(i.DT_Send_Data)
    i.DebugMon_Handler                       0x08001250   Section        0  stm32f10x_it.o(i.DebugMon_Handler)
    i.Digital_GPIO_Config                    0x08001254   Section        0  digital.o(i.Digital_GPIO_Config)
    i.Digital_In                             0x08001270   Section        0  digital.o(i.Digital_In)
    i.Digital_NVIC_Init                      0x08001400   Section        0  digital.o(i.Digital_NVIC_Init)
    Digital_NVIC_Init                        0x08001401   Thumb Code    38  digital.o(i.Digital_NVIC_Init)
    i.Digital_Out                            0x08001428   Section        0  digital.o(i.Digital_Out)
    i.Digital_longmove_status                0x080015bc   Section        0  digital.o(i.Digital_longmove_status)
    i.EXTI15_10_IRQHandler                   0x080015d4   Section        0  stm32f10x_it.o(i.EXTI15_10_IRQHandler)
    i.EXTI_ClearITPendingBit                 0x08001600   Section        0  stm32f10x_exti.o(i.EXTI_ClearITPendingBit)
    i.EXTI_GetITStatus                       0x0800160c   Section        0  stm32f10x_exti.o(i.EXTI_GetITStatus)
    i.EXTI_Init                              0x08001634   Section        0  stm32f10x_exti.o(i.EXTI_Init)
    i.FarLight_PwmMode_Config                0x080016c8   Section        0  pwm.o(i.FarLight_PwmMode_Config)
    FarLight_PwmMode_Config                  0x080016c9   Thumb Code   100  pwm.o(i.FarLight_PwmMode_Config)
    i.GPIO_EXTILineConfig                    0x0800172c   Section        0  stm32f10x_gpio.o(i.GPIO_EXTILineConfig)
    i.GPIO_In_ConfigInit                     0x0800176c   Section        0  digital.o(i.GPIO_In_ConfigInit)
    GPIO_In_ConfigInit                       0x0800176d   Thumb Code    92  digital.o(i.GPIO_In_ConfigInit)
    i.GPIO_Init                              0x080017d4   Section        0  stm32f10x_gpio.o(i.GPIO_Init)
    i.GPIO_Out_ConfigInit                    0x080018ec   Section        0  digital.o(i.GPIO_Out_ConfigInit)
    GPIO_Out_ConfigInit                      0x080018ed   Thumb Code    94  digital.o(i.GPIO_Out_ConfigInit)
    i.GPIO_PinRemapConfig                    0x08001958   Section        0  stm32f10x_gpio.o(i.GPIO_PinRemapConfig)
    i.GPIO_ReadInputDataBit                  0x080019e8   Section        0  stm32f10x_gpio.o(i.GPIO_ReadInputDataBit)
    i.GPIO_ResetBits                         0x080019fa   Section        0  stm32f10x_gpio.o(i.GPIO_ResetBits)
    i.GPIO_SetBits                           0x080019fe   Section        0  stm32f10x_gpio.o(i.GPIO_SetBits)
    i.GreenLight_PwmMode_Config              0x08001a04   Section        0  pwm.o(i.GreenLight_PwmMode_Config)
    GreenLight_PwmMode_Config                0x08001a05   Thumb Code    96  pwm.o(i.GreenLight_PwmMode_Config)
    i.HardFault_Handler                      0x08001a68   Section        0  stm32f10x_it.o(i.HardFault_Handler)
    i.HardWareInit                           0x08001a6c   Section        0  main.o(i.HardWareInit)
    HardWareInit                             0x08001a6d   Thumb Code    44  main.o(i.HardWareInit)
    i.IIC_Start                              0x08001a98   Section        0  oled.o(i.IIC_Start)
    IIC_Start                                0x08001a99   Thumb Code    48  oled.o(i.IIC_Start)
    i.IIC_Stop                               0x08001acc   Section        0  oled.o(i.IIC_Stop)
    IIC_Stop                                 0x08001acd   Thumb Code    32  oled.o(i.IIC_Stop)
    i.IIC_Wait_Ack                           0x08001af0   Section        0  oled.o(i.IIC_Wait_Ack)
    IIC_Wait_Ack                             0x08001af1   Thumb Code    58  oled.o(i.IIC_Wait_Ack)
    i.InitTask1                              0x08001b30   Section        0  digital.o(i.InitTask1)
    InitTask1                                0x08001b31   Thumb Code    52  digital.o(i.InitTask1)
    i.InitTask2                              0x08001b68   Section        0  adc.o(i.InitTask2)
    InitTask2                                0x08001b69   Thumb Code    32  adc.o(i.InitTask2)
    i.InitTask3                              0x08001b8c   Section        0  oled.o(i.InitTask3)
    InitTask3                                0x08001b8d   Thumb Code    18  oled.o(i.InitTask3)
    i.InitTask4                              0x08001ba4   Section        0  flatbed_usb.o(i.InitTask4)
    i.InitTask5                              0x08001bcc   Section        0  can.o(i.InitTask5)
    InitTask5                                0x08001bcd   Thumb Code    20  can.o(i.InitTask5)
    i.JTAG_GPIO_Config                       0x08001be4   Section        0  main.o(i.JTAG_GPIO_Config)
    JTAG_GPIO_Config                         0x08001be5   Thumb Code    82  main.o(i.JTAG_GPIO_Config)
    i.MemManage_Handler                      0x08001c44   Section        0  stm32f10x_it.o(i.MemManage_Handler)
    i.NMI_Handler                            0x08001c48   Section        0  stm32f10x_it.o(i.NMI_Handler)
    i.NVIC_Init                              0x08001c4c   Section        0  misc.o(i.NVIC_Init)
    i.NVIC_PriorityGroupConfig               0x08001cbc   Section        0  misc.o(i.NVIC_PriorityGroupConfig)
    i.NearLight_PwmMode_Config               0x08001cd0   Section        0  pwm.o(i.NearLight_PwmMode_Config)
    NearLight_PwmMode_Config                 0x08001cd1   Thumb Code   100  pwm.o(i.NearLight_PwmMode_Config)
    i.OLED_Clear                             0x08001d34   Section        0  oled.o(i.OLED_Clear)
    i.OLED_ConfigInit                        0x08001d74   Section        0  oled.o(i.OLED_ConfigInit)
    i.OLED_Init                              0x08001d90   Section        0  oled.o(i.OLED_Init)
    OLED_Init                                0x08001d91   Thumb Code   220  oled.o(i.OLED_Init)
    i.OLED_Set_Pos                           0x08001e6c   Section        0  oled.o(i.OLED_Set_Pos)
    OLED_Set_Pos                             0x08001e6d   Thumb Code    40  oled.o(i.OLED_Set_Pos)
    i.OLED_ShowChar                          0x08001e94   Section        0  oled.o(i.OLED_ShowChar)
    OLED_ShowChar                            0x08001e95   Thumb Code   154  oled.o(i.OLED_ShowChar)
    i.OLED_ShowNum                           0x08001f38   Section        0  oled.o(i.OLED_ShowNum)
    i.OLED_ShowString                        0x08001fc0   Section        0  oled.o(i.OLED_ShowString)
    i.OLED_WR_Byte                           0x08001ffa   Section        0  oled.o(i.OLED_WR_Byte)
    OLED_WR_Byte                             0x08001ffb   Thumb Code    24  oled.o(i.OLED_WR_Byte)
    i.PWM_Init_enable                        0x08002014   Section        0  pwm.o(i.PWM_Init_enable)
    i.PendSV_Handler                         0x0800207c   Section        0  stm32f10x_it.o(i.PendSV_Handler)
    i.RCC_ADCCLKConfig                       0x08002080   Section        0  stm32f10x_rcc.o(i.RCC_ADCCLKConfig)
    i.RCC_AHBPeriphClockCmd                  0x08002098   Section        0  stm32f10x_rcc.o(i.RCC_AHBPeriphClockCmd)
    i.RCC_APB1PeriphClockCmd                 0x080020b8   Section        0  stm32f10x_rcc.o(i.RCC_APB1PeriphClockCmd)
    i.RCC_APB1PeriphResetCmd                 0x080020d8   Section        0  stm32f10x_rcc.o(i.RCC_APB1PeriphResetCmd)
    i.RCC_APB2PeriphClockCmd                 0x080020f8   Section        0  stm32f10x_rcc.o(i.RCC_APB2PeriphClockCmd)
    i.RCC_GetClocksFreq                      0x08002118   Section        0  stm32f10x_rcc.o(i.RCC_GetClocksFreq)
    i.RedLight_PwmMode_Config                0x080021f4   Section        0  pwm.o(i.RedLight_PwmMode_Config)
    RedLight_PwmMode_Config                  0x080021f5   Thumb Code   104  pwm.o(i.RedLight_PwmMode_Config)
    i.SVC_Handler                            0x08002260   Section        0  stm32f10x_it.o(i.SVC_Handler)
    i.SW1EXIT_Control                        0x08002262   Section        0  digital.o(i.SW1EXIT_Control)
    i.SetSysClock                            0x0800228c   Section        0  system_stm32f10x.o(i.SetSysClock)
    SetSysClock                              0x0800228d   Thumb Code     8  system_stm32f10x.o(i.SetSysClock)
    i.SetSysClockTo72                        0x08002294   Section        0  system_stm32f10x.o(i.SetSysClockTo72)
    SetSysClockTo72                          0x08002295   Thumb Code   214  system_stm32f10x.o(i.SetSysClockTo72)
    i.Set_Digital_Put                        0x08002374   Section        0  digital.o(i.Set_Digital_Put)
    i.Set_LeftTurnLight_control              0x08002398   Section        0  digital.o(i.Set_LeftTurnLight_control)
    Set_LeftTurnLight_control                0x08002399   Thumb Code    94  digital.o(i.Set_LeftTurnLight_control)
    i.Set_RightTurnLight_control             0x08002400   Section        0  digital.o(i.Set_RightTurnLight_control)
    Set_RightTurnLight_control               0x08002401   Thumb Code    94  digital.o(i.Set_RightTurnLight_control)
    i.Set_TimerX_IT                          0x08002468   Section        0  timer.o(i.Set_TimerX_IT)
    i.SysTick_Handler                        0x080024b0   Section        0  stm32f10x_it.o(i.SysTick_Handler)
    i.SysTick_Init                           0x08002578   Section        0  stm32f10x_it.o(i.SysTick_Init)
    i.SystemInit                             0x080025e0   Section        0  system_stm32f10x.o(i.SystemInit)
    i.TIM1_UP_IRQHandler                     0x08002640   Section        0  stm32f10x_it.o(i.TIM1_UP_IRQHandler)
    i.TIM2_IRQHandler                        0x08002688   Section        0  stm32f10x_it.o(i.TIM2_IRQHandler)
    i.TIM3_IRQHandler                        0x080026cc   Section        0  stm32f10x_it.o(i.TIM3_IRQHandler)
    i.TIM_ARRPreloadConfig                   0x080026e8   Section        0  stm32f10x_tim.o(i.TIM_ARRPreloadConfig)
    i.TIM_ClearFlag                          0x08002700   Section        0  stm32f10x_tim.o(i.TIM_ClearFlag)
    i.TIM_ClearITPendingBit                  0x08002706   Section        0  stm32f10x_tim.o(i.TIM_ClearITPendingBit)
    i.TIM_Cmd                                0x0800270c   Section        0  stm32f10x_tim.o(i.TIM_Cmd)
    i.TIM_CtrlPWMOutputs                     0x08002724   Section        0  stm32f10x_tim.o(i.TIM_CtrlPWMOutputs)
    i.TIM_GetITStatus                        0x08002742   Section        0  stm32f10x_tim.o(i.TIM_GetITStatus)
    i.TIM_ITConfig                           0x08002764   Section        0  stm32f10x_tim.o(i.TIM_ITConfig)
    i.TIM_OC1Init                            0x08002778   Section        0  stm32f10x_tim.o(i.TIM_OC1Init)
    i.TIM_OC1PreloadConfig                   0x08002810   Section        0  stm32f10x_tim.o(i.TIM_OC1PreloadConfig)
    i.TIM_OC2Init                            0x08002824   Section        0  stm32f10x_tim.o(i.TIM_OC2Init)
    i.TIM_OC2PreloadConfig                   0x080028c8   Section        0  stm32f10x_tim.o(i.TIM_OC2PreloadConfig)
    i.TIM_OC3Init                            0x080028e4   Section        0  stm32f10x_tim.o(i.TIM_OC3Init)
    i.TIM_OC3PreloadConfig                   0x08002984   Section        0  stm32f10x_tim.o(i.TIM_OC3PreloadConfig)
    i.TIM_SetCompare2                        0x08002996   Section        0  stm32f10x_tim.o(i.TIM_SetCompare2)
    i.TIM_SetCompare3                        0x0800299a   Section        0  stm32f10x_tim.o(i.TIM_SetCompare3)
    i.TIM_TimeBaseInit                       0x080029a0   Section        0  stm32f10x_tim.o(i.TIM_TimeBaseInit)
    i.TIMx_GPIO_Config                       0x08002a44   Section        0  pwm.o(i.TIMx_GPIO_Config)
    TIMx_GPIO_Config                         0x08002a45   Thumb Code    40  pwm.o(i.TIMx_GPIO_Config)
    i.TIMx_NVIC_Configuration                0x08002a70   Section        0  timer.o(i.TIMx_NVIC_Configuration)
    TIMx_NVIC_Configuration                  0x08002a71   Thumb Code   102  timer.o(i.TIMx_NVIC_Configuration)
    i.Task1_Digital_In_Out                   0x08002ad8   Section        0  digital.o(i.Task1_Digital_In_Out)
    i.Task2_ADC_In                           0x08002afc   Section        0  adc.o(i.Task2_ADC_In)
    i.Task3_oled_show                        0x08002b20   Section        0  oled.o(i.Task3_oled_show)
    i.Task4_flatbed_Communication            0x08002b44   Section        0  flatbed_usb.o(i.Task4_flatbed_Communication)
    i.Task5_CAN_SEND_REV                     0x08002b68   Section        0  can.o(i.Task5_CAN_SEND_REV)
    i.Timer1_BaseInitStruct_Config           0x08002b8c   Section        0  timer.o(i.Timer1_BaseInitStruct_Config)
    i.Timer2_BaseInitStruct_Config           0x08002bbc   Section        0  timer.o(i.Timer2_BaseInitStruct_Config)
    i.Timer3_BaseInitStruct_Config           0x08002be8   Section        0  timer.o(i.Timer3_BaseInitStruct_Config)
    i.TimerNVIC_ConfigInit                   0x08002c18   Section        0  timer.o(i.TimerNVIC_ConfigInit)
    i.Timer_out_ConfigInit                   0x08002c20   Section        0  pwm.o(i.Timer_out_ConfigInit)
    i.USART1_Config                          0x08002c5c   Section        0  usart.o(i.USART1_Config)
    USART1_Config                            0x08002c5d   Thumb Code   148  usart.o(i.USART1_Config)
    i.USART1_IRQHandler                      0x08002cf8   Section        0  stm32f10x_it.o(i.USART1_IRQHandler)
    i.USART1_NVIC_Init                       0x08002d44   Section        0  usart.o(i.USART1_NVIC_Init)
    USART1_NVIC_Init                         0x08002d45   Thumb Code    38  usart.o(i.USART1_NVIC_Init)
    i.USART_ClearFlag                        0x08002d6a   Section        0  stm32f10x_usart.o(i.USART_ClearFlag)
    i.USART_ClearITPendingBit                0x08002d7c   Section        0  stm32f10x_usart.o(i.USART_ClearITPendingBit)
    i.USART_Cmd                              0x08002d9a   Section        0  stm32f10x_usart.o(i.USART_Cmd)
    i.USART_DMACmd                           0x08002db2   Section        0  stm32f10x_usart.o(i.USART_DMACmd)
    i.USART_GetFlagStatus                    0x08002dc4   Section        0  stm32f10x_usart.o(i.USART_GetFlagStatus)
    i.USART_GetITStatus                      0x08002dde   Section        0  stm32f10x_usart.o(i.USART_GetITStatus)
    i.USART_ITConfig                         0x08002e32   Section        0  stm32f10x_usart.o(i.USART_ITConfig)
    i.USART_Init                             0x08002e7c   Section        0  stm32f10x_usart.o(i.USART_Init)
    i.USART_RX_DMA_enable                    0x08002f54   Section        0  usart.o(i.USART_RX_DMA_enable)
    USART_RX_DMA_enable                      0x08002f55   Thumb Code    30  usart.o(i.USART_RX_DMA_enable)
    i.USART_ReceiveData                      0x08002f7c   Section        0  stm32f10x_usart.o(i.USART_ReceiveData)
    i.USART_SendData                         0x08002f86   Section        0  stm32f10x_usart.o(i.USART_SendData)
    i.USB_LP_CAN1_RX0_IRQHandler             0x08002f8e   Section        0  stm32f10x_it.o(i.USB_LP_CAN1_RX0_IRQHandler)
    i.USB_USART_Config                       0x08002f98   Section        0  usart.o(i.USB_USART_Config)
    i.UsageFault_Handler                     0x08002fb8   Section        0  stm32f10x_it.o(i.UsageFault_Handler)
    i.Usart1_Send                            0x08002fbc   Section        0  flatbed_usb.o(i.Usart1_Send)
    Usart1_Send                              0x08002fbd   Thumb Code    50  flatbed_usb.o(i.Usart1_Send)
    i.Usart_SendByte                         0x08002ff4   Section        0  usart.o(i.Usart_SendByte)
    i.Write_IIC_Byte                         0x08003014   Section        0  oled.o(i.Write_IIC_Byte)
    Write_IIC_Byte                           0x08003015   Thumb Code    86  oled.o(i.Write_IIC_Byte)
    i.Write_IIC_Command                      0x08003070   Section        0  oled.o(i.Write_IIC_Command)
    Write_IIC_Command                        0x08003071   Thumb Code    44  oled.o(i.Write_IIC_Command)
    i.Write_IIC_Data                         0x0800309c   Section        0  oled.o(i.Write_IIC_Data)
    Write_IIC_Data                           0x0800309d   Thumb Code    44  oled.o(i.Write_IIC_Data)
    i.__scatterload_copy                     0x080030c8   Section       14  handlers.o(i.__scatterload_copy)
    i.__scatterload_null                     0x080030d6   Section        2  handlers.o(i.__scatterload_null)
    i.__scatterload_zeroinit                 0x080030d8   Section       14  handlers.o(i.__scatterload_zeroinit)
    i.command10_sendFun                      0x080030e8   Section        0  flatbed_usb.o(i.command10_sendFun)
    command10_sendFun                        0x080030e9   Thumb Code    98  flatbed_usb.o(i.command10_sendFun)
    i.farlight_Set                           0x08003150   Section        0  pwm.o(i.farlight_Set)
    i.i2c_CfgGpio                            0x08003178   Section        0  oled.o(i.i2c_CfgGpio)
    i2c_CfgGpio                              0x08003179   Thumb Code    50  oled.o(i.i2c_CfgGpio)
    i.i2c_Delay                              0x080031b0   Section        0  oled.o(i.i2c_Delay)
    i2c_Delay                                0x080031b1   Thumb Code    14  oled.o(i.i2c_Delay)
    i.main                                   0x080031c0   Section        0  main.o(i.main)
    i.malloc                                 0x08003224   Section        0  malloc.o(i.malloc)
    i.myThread1                              0x08003290   Section        0  digital.o(i.myThread1)
    myThread1                                0x08003291   Thumb Code    62  digital.o(i.myThread1)
    i.myThread2                              0x080032ce   Section        0  adc.o(i.myThread2)
    myThread2                                0x080032cf   Thumb Code    48  adc.o(i.myThread2)
    i.myThread3                              0x08003300   Section        0  oled.o(i.myThread3)
    myThread3                                0x08003301   Thumb Code   130  oled.o(i.myThread3)
    i.myThread4                              0x0800338c   Section        0  flatbed_usb.o(i.myThread4)
    myThread4                                0x0800338d   Thumb Code    48  flatbed_usb.o(i.myThread4)
    i.myThread5                              0x080033bc   Section        0  can.o(i.myThread5)
    myThread5                                0x080033bd   Thumb Code    84  can.o(i.myThread5)
    i.nearlight_Set                          0x08003418   Section        0  pwm.o(i.nearlight_Set)
    i.oled_pow                               0x08003440   Section        0  oled.o(i.oled_pow)
    oled_pow                                 0x08003441   Thumb Code    22  oled.o(i.oled_pow)
    i.oled_show                              0x08003458   Section        0  oled.o(i.oled_show)
    .constdata                               0x08003854   Section     3160  oled.o(.constdata)
    .data                                    0x20000000   Section       20  system_stm32f10x.o(.data)
    .data                                    0x20000014   Section       20  stm32f10x_rcc.o(.data)
    APBAHBPrescTable                         0x20000014   Data          16  stm32f10x_rcc.o(.data)
    ADCPrescTable                            0x20000024   Data           4  stm32f10x_rcc.o(.data)
    .data                                    0x20000028   Section        8  oled.o(.data)
    .data                                    0x20000030   Section        8  adc.o(.data)
    .data                                    0x20000038   Section        2  usart.o(.data)
    dma_rx_length                            0x20000038   Data           2  usart.o(.data)
    .data                                    0x2000003c   Section       28  stm32f10x_it.o(.data)
    TimingDelay                              0x2000003c   Data           4  stm32f10x_it.o(.data)
    Timer_oledcount                          0x20000040   Data           4  stm32f10x_it.o(.data)
    Timer_din_pwm_adccount                   0x20000044   Data           4  stm32f10x_it.o(.data)
    Timer_USB_CANcount                       0x20000048   Data           4  stm32f10x_it.o(.data)
    LeftTurnLightTimecount                   0x20000050   Data           4  stm32f10x_it.o(.data)
    RightTurnLightTimecount                  0x20000054   Data           4  stm32f10x_it.o(.data)
    .data                                    0x20000058   Section       13  flatbed_usb.o(.data)
    _data_len                                0x20000060   Data           1  flatbed_usb.o(.data)
    _data_cnt                                0x20000061   Data           1  flatbed_usb.o(.data)
    state                                    0x20000062   Data           1  flatbed_usb.o(.data)
    flag                                     0x20000063   Data           1  flatbed_usb.o(.data)
    flag2                                    0x20000064   Data           1  flatbed_usb.o(.data)
    .data                                    0x20000065   Section        3  can.o(.data)
    .data                                    0x20000068   Section        4  mvars.o(.data)
    .data                                    0x2000006c   Section        4  mvars.o(.data)
    .bss                                     0x20000070   Section       12  digital.o(.bss)
    .bss                                     0x2000007c   Section       10  adc.o(.bss)
    .bss                                     0x20000086   Section      242  usart.o(.bss)
    .bss                                     0x20000178   Section       40  can.o(.bss)
    HEAP                                     0x200001a0   Section      512  startup_stm32f10x_md.o(HEAP)
    STACK                                    0x200003a0   Section     1024  startup_stm32f10x_md.o(STACK)

    Global Symbols

    Symbol Name                              Value     Ov Type        Size  Object(Section)

    BuildAttributes$$THM_ISAv4$P$D$K$B$S$PE$A:L22UL41UL21$X:L11$S22US41US21$IEEE1$IW$USESV6$~STKCKD$USESV7$~SHL$OTIME$ROPI$EBA8$MICROLIB$REQ8$PRES8$EABIv2 0x00000000   Number         0  anon$$obj.o ABSOLUTE
    __ARM_use_no_argv                        0x00000000   Number         0  main.o ABSOLUTE
    __cpp_initialize__aeabi_                  - Undefined Weak Reference
    __cxa_finalize                            - Undefined Weak Reference
    __decompress                              - Undefined Weak Reference
    _clock_init                               - Undefined Weak Reference
    _microlib_exit                            - Undefined Weak Reference
    __Vectors_Size                           0x000000ec   Number         0  startup_stm32f10x_md.o ABSOLUTE
    __Vectors                                0x08000000   Data           4  startup_stm32f10x_md.o(RESET)
    __Vectors_End                            0x080000ec   Data           0  startup_stm32f10x_md.o(RESET)
    __main                                   0x080000ed   Thumb Code     0  entry.o(.ARM.Collect$$$$00000000)
    _main_stk                                0x080000ed   Thumb Code     0  entry2.o(.ARM.Collect$$$$00000001)
    _main_scatterload                        0x080000f1   Thumb Code     0  entry5.o(.ARM.Collect$$$$00000004)
    __main_after_scatterload                 0x080000f5   Thumb Code     0  entry5.o(.ARM.Collect$$$$00000004)
    _main_clock                              0x080000f5   Thumb Code     0  entry7b.o(.ARM.Collect$$$$00000008)
    _main_cpp_init                           0x080000f5   Thumb Code     0  entry8b.o(.ARM.Collect$$$$0000000A)
    _main_init                               0x080000f5   Thumb Code     0  entry9a.o(.ARM.Collect$$$$0000000B)
    __rt_final_cpp                           0x080000fd   Thumb Code     0  entry10a.o(.ARM.Collect$$$$0000000D)
    __rt_final_exit                          0x080000fd   Thumb Code     0  entry11a.o(.ARM.Collect$$$$0000000F)
    Reset_Handler                            0x08000101   Thumb Code     8  startup_stm32f10x_md.o(.text)
    CAN1_RX1_IRQHandler                      0x0800011b   Thumb Code     0  startup_stm32f10x_md.o(.text)
    CAN1_SCE_IRQHandler                      0x0800011b   Thumb Code     0  startup_stm32f10x_md.o(.text)
    DMA1_Channel1_IRQHandler                 0x0800011b   Thumb Code     0  startup_stm32f10x_md.o(.text)
    DMA1_Channel2_IRQHandler                 0x0800011b   Thumb Code     0  startup_stm32f10x_md.o(.text)
    DMA1_Channel3_IRQHandler                 0x0800011b   Thumb Code     0  startup_stm32f10x_md.o(.text)
    DMA1_Channel4_IRQHandler                 0x0800011b   Thumb Code     0  startup_stm32f10x_md.o(.text)
    DMA1_Channel5_IRQHandler                 0x0800011b   Thumb Code     0  startup_stm32f10x_md.o(.text)
    DMA1_Channel6_IRQHandler                 0x0800011b   Thumb Code     0  startup_stm32f10x_md.o(.text)
    DMA1_Channel7_IRQHandler                 0x0800011b   Thumb Code     0  startup_stm32f10x_md.o(.text)
    EXTI0_IRQHandler                         0x0800011b   Thumb Code     0  startup_stm32f10x_md.o(.text)
    EXTI1_IRQHandler                         0x0800011b   Thumb Code     0  startup_stm32f10x_md.o(.text)
    EXTI2_IRQHandler                         0x0800011b   Thumb Code     0  startup_stm32f10x_md.o(.text)
    EXTI3_IRQHandler                         0x0800011b   Thumb Code     0  startup_stm32f10x_md.o(.text)
    EXTI4_IRQHandler                         0x0800011b   Thumb Code     0  startup_stm32f10x_md.o(.text)
    EXTI9_5_IRQHandler                       0x0800011b   Thumb Code     0  startup_stm32f10x_md.o(.text)
    FLASH_IRQHandler                         0x0800011b   Thumb Code     0  startup_stm32f10x_md.o(.text)
    I2C1_ER_IRQHandler                       0x0800011b   Thumb Code     0  startup_stm32f10x_md.o(.text)
    I2C1_EV_IRQHandler                       0x0800011b   Thumb Code     0  startup_stm32f10x_md.o(.text)
    I2C2_ER_IRQHandler                       0x0800011b   Thumb Code     0  startup_stm32f10x_md.o(.text)
    I2C2_EV_IRQHandler                       0x0800011b   Thumb Code     0  startup_stm32f10x_md.o(.text)
    PVD_IRQHandler                           0x0800011b   Thumb Code     0  startup_stm32f10x_md.o(.text)
    RCC_IRQHandler                           0x0800011b   Thumb Code     0  startup_stm32f10x_md.o(.text)
    RTCAlarm_IRQHandler                      0x0800011b   Thumb Code     0  startup_stm32f10x_md.o(.text)
    RTC_IRQHandler                           0x0800011b   Thumb Code     0  startup_stm32f10x_md.o(.text)
    SPI1_IRQHandler                          0x0800011b   Thumb Code     0  startup_stm32f10x_md.o(.text)
    SPI2_IRQHandler                          0x0800011b   Thumb Code     0  startup_stm32f10x_md.o(.text)
    TAMPER_IRQHandler                        0x0800011b   Thumb Code     0  startup_stm32f10x_md.o(.text)
    TIM1_BRK_IRQHandler                      0x0800011b   Thumb Code     0  startup_stm32f10x_md.o(.text)
    TIM1_CC_IRQHandler                       0x0800011b   Thumb Code     0  startup_stm32f10x_md.o(.text)
    TIM1_TRG_COM_IRQHandler                  0x0800011b   Thumb Code     0  startup_stm32f10x_md.o(.text)
    TIM4_IRQHandler                          0x0800011b   Thumb Code     0  startup_stm32f10x_md.o(.text)
    USART2_IRQHandler                        0x0800011b   Thumb Code     0  startup_stm32f10x_md.o(.text)
    USART3_IRQHandler                        0x0800011b   Thumb Code     0  startup_stm32f10x_md.o(.text)
    USBWakeUp_IRQHandler                     0x0800011b   Thumb Code     0  startup_stm32f10x_md.o(.text)
    USB_HP_CAN1_TX_IRQHandler                0x0800011b   Thumb Code     0  startup_stm32f10x_md.o(.text)
    WWDG_IRQHandler                          0x0800011b   Thumb Code     0  startup_stm32f10x_md.o(.text)
    __aeabi_memset                           0x08000125   Thumb Code    14  memseta.o(.text)
    __aeabi_memset4                          0x08000125   Thumb Code     0  memseta.o(.text)
    __aeabi_memset8                          0x08000125   Thumb Code     0  memseta.o(.text)
    __aeabi_memclr                           0x08000133   Thumb Code     4  memseta.o(.text)
    __aeabi_memclr4                          0x08000133   Thumb Code     0  memseta.o(.text)
    __aeabi_memclr8                          0x08000133   Thumb Code     0  memseta.o(.text)
    _memset$wrapper                          0x08000137   Thumb Code    18  memseta.o(.text)
    __aeabi_fmul                             0x08000149   Thumb Code   100  fmul.o(.text)
    __aeabi_fdiv                             0x080001ad   Thumb Code   124  fdiv.o(.text)
    __aeabi_ui2f                             0x08000229   Thumb Code    10  ffltui.o(.text)
    __aeabi_f2uiz                            0x08000233   Thumb Code    40  ffixui.o(.text)
    __I$use$fp                               0x0800025b   Thumb Code     0  iusefp.o(.text)
    _float_round                             0x0800025b   Thumb Code    18  fepilogue.o(.text)
    _float_epilogue                          0x0800026d   Thumb Code    92  fepilogue.o(.text)
    __scatterload                            0x080002c9   Thumb Code    28  init.o(.text)
    __scatterload_rt2                        0x080002c9   Thumb Code     0  init.o(.text)
    ADC1_2_IRQHandler                        0x080002ed   Thumb Code    38  stm32f10x_it.o(i.ADC1_2_IRQHandler)
    ADC_ClearITPendingBit                    0x0800031d   Thumb Code    10  stm32f10x_adc.o(i.ADC_ClearITPendingBit)
    ADC_Cmd                                  0x08000327   Thumb Code    22  stm32f10x_adc.o(i.ADC_Cmd)
    ADC_DMACmd                               0x0800033d   Thumb Code    22  stm32f10x_adc.o(i.ADC_DMACmd)
    ADC_DMA_ConfigInit                       0x08000355   Thumb Code    22  adc.o(i.ADC_DMA_ConfigInit)
    ADC_GetCalibrationStatus                 0x0800039d   Thumb Code    20  stm32f10x_adc.o(i.ADC_GetCalibrationStatus)
    ADC_GetConversionValue                   0x080003b1   Thumb Code     8  stm32f10x_adc.o(i.ADC_GetConversionValue)
    ADC_GetITStatus                          0x080003b9   Thumb Code    36  stm32f10x_adc.o(i.ADC_GetITStatus)
    ADC_GetResetCalibrationStatus            0x080003dd   Thumb Code    20  stm32f10x_adc.o(i.ADC_GetResetCalibrationStatus)
    ADC_Init                                 0x080003f1   Thumb Code    70  stm32f10x_adc.o(i.ADC_Init)
    ADC_RegularChannelConfig                 0x0800058f   Thumb Code   184  stm32f10x_adc.o(i.ADC_RegularChannelConfig)
    ADC_ResetCalibration                     0x08000647   Thumb Code    10  stm32f10x_adc.o(i.ADC_ResetCalibration)
    ADC_SoftwareStartConvCmd                 0x08000651   Thumb Code    22  stm32f10x_adc.o(i.ADC_SoftwareStartConvCmd)
    ADC_StartCalibration                     0x08000667   Thumb Code    10  stm32f10x_adc.o(i.ADC_StartCalibration)
    AD_In_value                              0x08000671   Thumb Code   180  adc.o(i.AD_In_value)
    APPdata_deal                             0x08000731   Thumb Code   256  flatbed_usb.o(i.APPdata_deal)
    BusFault_Handler                         0x080008a9   Thumb Code     4  stm32f10x_it.o(i.BusFault_Handler)
    CANPro_Init                              0x080008ad   Thumb Code    30  can.o(i.CANPro_Init)
    CAN_DeInit                               0x080008d1   Thumb Code    50  stm32f10x_can.o(i.CAN_DeInit)
    CAN_FilterInit                           0x08000909   Thumb Code   258  stm32f10x_can.o(i.CAN_FilterInit)
    CAN_ITConfig                             0x08000ab5   Thumb Code    18  stm32f10x_can.o(i.CAN_ITConfig)
    CAN_Init                                 0x08000ac7   Thumb Code   276  stm32f10x_can.o(i.CAN_Init)
    CAN_Receive                              0x08000c6b   Thumb Code   240  stm32f10x_can.o(i.CAN_Receive)
    CAN_Receive_data                         0x08000d5d   Thumb Code    54  can.o(i.CAN_Receive_data)
    CAN_SetMsg                               0x08000da5   Thumb Code    84  can.o(i.CAN_SetMsg)
    CAN_StructInit                           0x08000e01   Thumb Code    32  stm32f10x_can.o(i.CAN_StructInit)
    CAN_Transmit                             0x08000e21   Thumb Code   294  stm32f10x_can.o(i.CAN_Transmit)
    DMA_ClearFlag                            0x08000fc9   Thumb Code    18  stm32f10x_dma.o(i.DMA_ClearFlag)
    DMA_Cmd                                  0x08000fe5   Thumb Code    24  stm32f10x_dma.o(i.DMA_Cmd)
    DMA_DeInit                               0x08000ffd   Thumb Code   324  stm32f10x_dma.o(i.DMA_DeInit)
    DMA_GetCurrDataCounter                   0x08001149   Thumb Code     8  stm32f10x_dma.o(i.DMA_GetCurrDataCounter)
    DMA_Init                                 0x08001151   Thumb Code    60  stm32f10x_dma.o(i.DMA_Init)
    DMAget_rx_byte                           0x08001209   Thumb Code    36  usart.o(i.DMAget_rx_byte)
    DebugMon_Handler                         0x08001251   Thumb Code     2  stm32f10x_it.o(i.DebugMon_Handler)
    Digital_GPIO_Config                      0x08001255   Thumb Code    22  digital.o(i.Digital_GPIO_Config)
    Digital_In                               0x08001271   Thumb Code   386  digital.o(i.Digital_In)
    Digital_Out                              0x08001429   Thumb Code   390  digital.o(i.Digital_Out)
    Digital_longmove_status                  0x080015bd   Thumb Code    24  digital.o(i.Digital_longmove_status)
    EXTI15_10_IRQHandler                     0x080015d5   Thumb Code    38  stm32f10x_it.o(i.EXTI15_10_IRQHandler)
    EXTI_ClearITPendingBit                   0x08001601   Thumb Code     6  stm32f10x_exti.o(i.EXTI_ClearITPendingBit)
    EXTI_GetITStatus                         0x0800160d   Thumb Code    34  stm32f10x_exti.o(i.EXTI_GetITStatus)
    EXTI_Init                                0x08001635   Thumb Code   142  stm32f10x_exti.o(i.EXTI_Init)
    GPIO_EXTILineConfig                      0x0800172d   Thumb Code    60  stm32f10x_gpio.o(i.GPIO_EXTILineConfig)
    GPIO_Init                                0x080017d5   Thumb Code   278  stm32f10x_gpio.o(i.GPIO_Init)
    GPIO_PinRemapConfig                      0x08001959   Thumb Code   138  stm32f10x_gpio.o(i.GPIO_PinRemapConfig)
    GPIO_ReadInputDataBit                    0x080019e9   Thumb Code    18  stm32f10x_gpio.o(i.GPIO_ReadInputDataBit)
    GPIO_ResetBits                           0x080019fb   Thumb Code     4  stm32f10x_gpio.o(i.GPIO_ResetBits)
    GPIO_SetBits                             0x080019ff   Thumb Code     4  stm32f10x_gpio.o(i.GPIO_SetBits)
    HardFault_Handler                        0x08001a69   Thumb Code     4  stm32f10x_it.o(i.HardFault_Handler)
    InitTask4                                0x08001ba5   Thumb Code    36  flatbed_usb.o(i.InitTask4)
    MemManage_Handler                        0x08001c45   Thumb Code     4  stm32f10x_it.o(i.MemManage_Handler)
    NMI_Handler                              0x08001c49   Thumb Code     2  stm32f10x_it.o(i.NMI_Handler)
    NVIC_Init                                0x08001c4d   Thumb Code   100  misc.o(i.NVIC_Init)
    NVIC_PriorityGroupConfig                 0x08001cbd   Thumb Code    10  misc.o(i.NVIC_PriorityGroupConfig)
    OLED_Clear                               0x08001d35   Thumb Code    64  oled.o(i.OLED_Clear)
    OLED_ConfigInit                          0x08001d75   Thumb Code    24  oled.o(i.OLED_ConfigInit)
    OLED_ShowNum                             0x08001f39   Thumb Code   136  oled.o(i.OLED_ShowNum)
    OLED_ShowString                          0x08001fc1   Thumb Code    58  oled.o(i.OLED_ShowString)
    PWM_Init_enable                          0x08002015   Thumb Code    94  pwm.o(i.PWM_Init_enable)
    PendSV_Handler                           0x0800207d   Thumb Code     2  stm32f10x_it.o(i.PendSV_Handler)
    RCC_ADCCLKConfig                         0x08002081   Thumb Code    18  stm32f10x_rcc.o(i.RCC_ADCCLKConfig)
    RCC_AHBPeriphClockCmd                    0x08002099   Thumb Code    26  stm32f10x_rcc.o(i.RCC_AHBPeriphClockCmd)
    RCC_APB1PeriphClockCmd                   0x080020b9   Thumb Code    26  stm32f10x_rcc.o(i.RCC_APB1PeriphClockCmd)
    RCC_APB1PeriphResetCmd                   0x080020d9   Thumb Code    26  stm32f10x_rcc.o(i.RCC_APB1PeriphResetCmd)
    RCC_APB2PeriphClockCmd                   0x080020f9   Thumb Code    26  stm32f10x_rcc.o(i.RCC_APB2PeriphClockCmd)
    RCC_GetClocksFreq                        0x08002119   Thumb Code   192  stm32f10x_rcc.o(i.RCC_GetClocksFreq)
    SVC_Handler                              0x08002261   Thumb Code     2  stm32f10x_it.o(i.SVC_Handler)
    SW1EXIT_Control                          0x08002263   Thumb Code    42  digital.o(i.SW1EXIT_Control)
    Set_Digital_Put                          0x08002375   Thumb Code    36  digital.o(i.Set_Digital_Put)
    Set_TimerX_IT                            0x08002469   Thumb Code    62  timer.o(i.Set_TimerX_IT)
    SysTick_Handler                          0x080024b1   Thumb Code   158  stm32f10x_it.o(i.SysTick_Handler)
    SysTick_Init                             0x08002579   Thumb Code    92  stm32f10x_it.o(i.SysTick_Init)
    SystemInit                               0x080025e1   Thumb Code    78  system_stm32f10x.o(i.SystemInit)
    TIM1_UP_IRQHandler                       0x08002641   Thumb Code    60  stm32f10x_it.o(i.TIM1_UP_IRQHandler)
    TIM2_IRQHandler                          0x08002689   Thumb Code    60  stm32f10x_it.o(i.TIM2_IRQHandler)
    TIM3_IRQHandler                          0x080026cd   Thumb Code    22  stm32f10x_it.o(i.TIM3_IRQHandler)
    TIM_ARRPreloadConfig                     0x080026e9   Thumb Code    24  stm32f10x_tim.o(i.TIM_ARRPreloadConfig)
    TIM_ClearFlag                            0x08002701   Thumb Code     6  stm32f10x_tim.o(i.TIM_ClearFlag)
    TIM_ClearITPendingBit                    0x08002707   Thumb Code     6  stm32f10x_tim.o(i.TIM_ClearITPendingBit)
    TIM_Cmd                                  0x0800270d   Thumb Code    24  stm32f10x_tim.o(i.TIM_Cmd)
    TIM_CtrlPWMOutputs                       0x08002725   Thumb Code    30  stm32f10x_tim.o(i.TIM_CtrlPWMOutputs)
    TIM_GetITStatus                          0x08002743   Thumb Code    34  stm32f10x_tim.o(i.TIM_GetITStatus)
    TIM_ITConfig                             0x08002765   Thumb Code    18  stm32f10x_tim.o(i.TIM_ITConfig)
    TIM_OC1Init                              0x08002779   Thumb Code   132  stm32f10x_tim.o(i.TIM_OC1Init)
    TIM_OC1PreloadConfig                     0x08002811   Thumb Code    18  stm32f10x_tim.o(i.TIM_OC1PreloadConfig)
    TIM_OC2Init                              0x08002825   Thumb Code   154  stm32f10x_tim.o(i.TIM_OC2Init)
    TIM_OC2PreloadConfig                     0x080028c9   Thumb Code    26  stm32f10x_tim.o(i.TIM_OC2PreloadConfig)
    TIM_OC3Init                              0x080028e5   Thumb Code   150  stm32f10x_tim.o(i.TIM_OC3Init)
    TIM_OC3PreloadConfig                     0x08002985   Thumb Code    18  stm32f10x_tim.o(i.TIM_OC3PreloadConfig)
    TIM_SetCompare2                          0x08002997   Thumb Code     4  stm32f10x_tim.o(i.TIM_SetCompare2)
    TIM_SetCompare3                          0x0800299b   Thumb Code     4  stm32f10x_tim.o(i.TIM_SetCompare3)
    TIM_TimeBaseInit                         0x080029a1   Thumb Code   122  stm32f10x_tim.o(i.TIM_TimeBaseInit)
    Task1_Digital_In_Out                     0x08002ad9   Thumb Code    32  digital.o(i.Task1_Digital_In_Out)
    Task2_ADC_In                             0x08002afd   Thumb Code    32  adc.o(i.Task2_ADC_In)
    Task3_oled_show                          0x08002b21   Thumb Code    32  oled.o(i.Task3_oled_show)
    Task4_flatbed_Communication              0x08002b45   Thumb Code    32  flatbed_usb.o(i.Task4_flatbed_Communication)
    Task5_CAN_SEND_REV                       0x08002b69   Thumb Code    32  can.o(i.Task5_CAN_SEND_REV)
    Timer1_BaseInitStruct_Config             0x08002b8d   Thumb Code    42  timer.o(i.Timer1_BaseInitStruct_Config)
    Timer2_BaseInitStruct_Config             0x08002bbd   Thumb Code    44  timer.o(i.Timer2_BaseInitStruct_Config)
    Timer3_BaseInitStruct_Config             0x08002be9   Thumb Code    42  timer.o(i.Timer3_BaseInitStruct_Config)
    TimerNVIC_ConfigInit                     0x08002c19   Thumb Code     8  timer.o(i.TimerNVIC_ConfigInit)
    Timer_out_ConfigInit                     0x08002c21   Thumb Code    58  pwm.o(i.Timer_out_ConfigInit)
    USART1_IRQHandler                        0x08002cf9   Thumb Code    68  stm32f10x_it.o(i.USART1_IRQHandler)
    USART_ClearFlag                          0x08002d6b   Thumb Code    18  stm32f10x_usart.o(i.USART_ClearFlag)
    USART_ClearITPendingBit                  0x08002d7d   Thumb Code    30  stm32f10x_usart.o(i.USART_ClearITPendingBit)
    USART_Cmd                                0x08002d9b   Thumb Code    24  stm32f10x_usart.o(i.USART_Cmd)
    USART_DMACmd                             0x08002db3   Thumb Code    18  stm32f10x_usart.o(i.USART_DMACmd)
    USART_GetFlagStatus                      0x08002dc5   Thumb Code    26  stm32f10x_usart.o(i.USART_GetFlagStatus)
    USART_GetITStatus                        0x08002ddf   Thumb Code    84  stm32f10x_usart.o(i.USART_GetITStatus)
    USART_ITConfig                           0x08002e33   Thumb Code    74  stm32f10x_usart.o(i.USART_ITConfig)
    USART_Init                               0x08002e7d   Thumb Code   210  stm32f10x_usart.o(i.USART_Init)
    USART_ReceiveData                        0x08002f7d   Thumb Code    10  stm32f10x_usart.o(i.USART_ReceiveData)
    USART_SendData                           0x08002f87   Thumb Code     8  stm32f10x_usart.o(i.USART_SendData)
    USB_LP_CAN1_RX0_IRQHandler               0x08002f8f   Thumb Code     8  stm32f10x_it.o(i.USB_LP_CAN1_RX0_IRQHandler)
    USB_USART_Config                         0x08002f99   Thumb Code    26  usart.o(i.USB_USART_Config)
    UsageFault_Handler                       0x08002fb9   Thumb Code     4  stm32f10x_it.o(i.UsageFault_Handler)
    Usart_SendByte                           0x08002ff5   Thumb Code    30  usart.o(i.Usart_SendByte)
    __scatterload_copy                       0x080030c9   Thumb Code    14  handlers.o(i.__scatterload_copy)
    __scatterload_null                       0x080030d7   Thumb Code     2  handlers.o(i.__scatterload_null)
    __scatterload_zeroinit                   0x080030d9   Thumb Code    14  handlers.o(i.__scatterload_zeroinit)
    farlight_Set                             0x08003151   Thumb Code    40  pwm.o(i.farlight_Set)
    main                                     0x080031c1   Thumb Code    94  main.o(i.main)
    malloc                                   0x08003225   Thumb Code    92  malloc.o(i.malloc)
    nearlight_Set                            0x08003419   Thumb Code    40  pwm.o(i.nearlight_Set)
    oled_show                                0x08003459   Thumb Code   870  oled.o(i.oled_show)
    F6x8                                     0x08003854   Data         552  oled.o(.constdata)
    F8X16                                    0x08003a7c   Data        1520  oled.o(.constdata)
    Hzk                                      0x0800406c   Data        1088  oled.o(.constdata)
    Region$$Table$$Base                      0x080044ac   Number         0  anon$$obj.o(Region$$Table)
    Region$$Table$$Limit                     0x080044cc   Number         0  anon$$obj.o(Region$$Table)
    SystemCoreClock                          0x20000000   Data           4  system_stm32f10x.o(.data)
    AHBPrescTable                            0x20000004   Data          16  system_stm32f10x.o(.data)
    Task3                                    0x20000028   Data           8  oled.o(.data)
    Task2                                    0x20000030   Data           8  adc.o(.data)
    timeflag                                 0x2000004c   Data           1  stm32f10x_it.o(.data)
    Task4                                    0x20000058   Data           8  flatbed_usb.o(.data)
    Task5                                    0x20000065   Data           3  can.o(.data)
    __microlib_freelist                      0x20000068   Data           4  mvars.o(.data)
    __microlib_freelist_initialised          0x2000006c   Data           4  mvars.o(.data)
    Task1                                    0x20000070   Data          12  digital.o(.bss)
    ADC_ConvertedValue                       0x2000007c   Data          10  adc.o(.bss)
    buff_array                               0x20000086   Data         242  usart.o(.bss)
    TxMessage                                0x20000178   Data          20  can.o(.bss)
    RxMessage                                0x2000018c   Data          20  can.o(.bss)
    __heap_base                              0x200001a0   Data           0  startup_stm32f10x_md.o(HEAP)
    __heap_limit                             0x200003a0   Data           0  startup_stm32f10x_md.o(HEAP)
    __initial_sp                             0x200007a0   Data           0  startup_stm32f10x_md.o(STACK)



==============================================================================

Memory Map of the image

  Image Entry point : 0x080000ed

  Load Region LR_IROM1 (Base: 0x08000000, Size: 0x0000453c, Max: 0x00020000, ABSOLUTE)

    Execution Region ER_IROM1 (Base: 0x08000000, Size: 0x000044cc, Max: 0x00020000, ABSOLUTE)

    Base Addr    Size         Type   Attr      Idx    E Section Name        Object

    0x08000000   0x000000ec   Data   RO            3    RESET               startup_stm32f10x_md.o
    0x080000ec   0x00000000   Code   RO         3961  * .ARM.Collect$$$$00000000  mc_w.l(entry.o)
    0x080000ec   0x00000004   Code   RO         4002    .ARM.Collect$$$$00000001  mc_w.l(entry2.o)
    0x080000f0   0x00000004   Code   RO         4005    .ARM.Collect$$$$00000004  mc_w.l(entry5.o)
    0x080000f4   0x00000000   Code   RO         4007    .ARM.Collect$$$$00000008  mc_w.l(entry7b.o)
    0x080000f4   0x00000000   Code   RO         4009    .ARM.Collect$$$$0000000A  mc_w.l(entry8b.o)
    0x080000f4   0x00000008   Code   RO         4010    .ARM.Collect$$$$0000000B  mc_w.l(entry9a.o)
    0x080000fc   0x00000000   Code   RO         4012    .ARM.Collect$$$$0000000D  mc_w.l(entry10a.o)
    0x080000fc   0x00000000   Code   RO         4014    .ARM.Collect$$$$0000000F  mc_w.l(entry11a.o)
    0x080000fc   0x00000004   Code   RO         4003    .ARM.Collect$$$$00002712  mc_w.l(entry2.o)
    0x08000100   0x00000024   Code   RO            4    .text               startup_stm32f10x_md.o
    0x08000124   0x00000024   Code   RO         3964    .text               mc_w.l(memseta.o)
    0x08000148   0x00000064   Code   RO         3994    .text               mf_w.l(fmul.o)
    0x080001ac   0x0000007c   Code   RO         3996    .text               mf_w.l(fdiv.o)
    0x08000228   0x0000000a   Code   RO         3998    .text               mf_w.l(ffltui.o)
    0x08000232   0x00000028   Code   RO         4000    .text               mf_w.l(ffixui.o)
    0x0800025a   0x00000000   Code   RO         4022    .text               mc_w.l(iusefp.o)
    0x0800025a   0x0000006e   Code   RO         4023    .text               mf_w.l(fepilogue.o)
    0x080002c8   0x00000024   Code   RO         4025    .text               mc_w.l(init.o)
    0x080002ec   0x00000030   Code   RO         3660    i.ADC1_2_IRQHandler  stm32f10x_it.o
    0x0800031c   0x0000000a   Code   RO          201    i.ADC_ClearITPendingBit  stm32f10x_adc.o
    0x08000326   0x00000016   Code   RO          202    i.ADC_Cmd           stm32f10x_adc.o
    0x0800033c   0x00000016   Code   RO          203    i.ADC_DMACmd        stm32f10x_adc.o
    0x08000352   0x00000002   PAD
    0x08000354   0x0000001c   Code   RO         3532    i.ADC_DMA_ConfigInit  adc.o
    0x08000370   0x0000002c   Code   RO         3533    i.ADC_GPIO_Config   adc.o
    0x0800039c   0x00000014   Code   RO          210    i.ADC_GetCalibrationStatus  stm32f10x_adc.o
    0x080003b0   0x00000008   Code   RO          211    i.ADC_GetConversionValue  stm32f10x_adc.o
    0x080003b8   0x00000024   Code   RO          214    i.ADC_GetITStatus   stm32f10x_adc.o
    0x080003dc   0x00000014   Code   RO          216    i.ADC_GetResetCalibrationStatus  stm32f10x_adc.o
    0x080003f0   0x00000050   Code   RO          220    i.ADC_Init          stm32f10x_adc.o
    0x08000440   0x00000128   Code   RO         3534    i.ADC_Mode_Config   adc.o
    0x08000568   0x00000026   Code   RO         3535    i.ADC_NVIC_Init     adc.o
    0x0800058e   0x000000b8   Code   RO          224    i.ADC_RegularChannelConfig  stm32f10x_adc.o
    0x08000646   0x0000000a   Code   RO          225    i.ADC_ResetCalibration  stm32f10x_adc.o
    0x08000650   0x00000016   Code   RO          227    i.ADC_SoftwareStartConvCmd  stm32f10x_adc.o
    0x08000666   0x0000000a   Code   RO          229    i.ADC_StartCalibration  stm32f10x_adc.o
    0x08000670   0x000000c0   Code   RO         3536    i.AD_In_value       adc.o
    0x08000730   0x00000114   Code   RO         3788    i.APPdata_deal      flatbed_usb.o
    0x08000844   0x00000064   Code   RO         3472    i.BlueLight_PwmMode_Config  pwm.o
    0x080008a8   0x00000004   Code   RO         3661    i.BusFault_Handler  stm32f10x_it.o
    0x080008ac   0x00000024   Code   RO         3849    i.CANPro_Init       can.o
    0x080008d0   0x00000038   Code   RO          500    i.CAN_DeInit        stm32f10x_can.o
    0x08000908   0x00000108   Code   RO          502    i.CAN_FilterInit    stm32f10x_can.o
    0x08000a10   0x0000005c   Code   RO         3850    i.CAN_Filter_Config  can.o
    0x08000a6c   0x00000048   Code   RO         3851    i.CAN_GPIO_Config   can.o
    0x08000ab4   0x00000012   Code   RO          508    i.CAN_ITConfig      stm32f10x_can.o
    0x08000ac6   0x00000114   Code   RO          509    i.CAN_Init          stm32f10x_can.o
    0x08000bda   0x00000002   Code   RO         3852    i.CAN_Message_Analysis  can.o
    0x08000bdc   0x00000002   Code   RO         3853    i.CAN_Message_Send  can.o
    0x08000bde   0x00000002   PAD
    0x08000be0   0x00000060   Code   RO         3854    i.CAN_Mode_Config   can.o
    0x08000c40   0x0000002a   Code   RO         3855    i.CAN_NVIC_Config   can.o
    0x08000c6a   0x000000f0   Code   RO          512    i.CAN_Receive       stm32f10x_can.o
    0x08000d5a   0x00000002   PAD
    0x08000d5c   0x00000048   Code   RO         3856    i.CAN_Receive_data  can.o
    0x08000da4   0x0000005c   Code   RO         3857    i.CAN_SetMsg        can.o
    0x08000e00   0x00000020   Code   RO          515    i.CAN_StructInit    stm32f10x_can.o
    0x08000e20   0x00000126   Code   RO          517    i.CAN_Transmit      stm32f10x_can.o
    0x08000f46   0x00000002   PAD
    0x08000f48   0x00000080   Code   RO         3789    i.Command21_sendFun  flatbed_usb.o
    0x08000fc8   0x0000001c   Code   RO          885    i.DMA_ClearFlag     stm32f10x_dma.o
    0x08000fe4   0x00000018   Code   RO          887    i.DMA_Cmd           stm32f10x_dma.o
    0x08000ffc   0x0000014c   Code   RO          888    i.DMA_DeInit        stm32f10x_dma.o
    0x08001148   0x00000008   Code   RO          889    i.DMA_GetCurrDataCounter  stm32f10x_dma.o
    0x08001150   0x0000003c   Code   RO          893    i.DMA_Init          stm32f10x_dma.o
    0x0800118c   0x0000007c   Code   RO         3594    i.DMA_Uart_RX_Init  usart.o
    0x08001208   0x00000030   Code   RO         3595    i.DMAget_rx_byte    usart.o
    0x08001238   0x00000018   Code   RO         3791    i.DT_Send_Data      flatbed_usb.o
    0x08001250   0x00000002   Code   RO         3662    i.DebugMon_Handler  stm32f10x_it.o
    0x08001252   0x00000002   PAD
    0x08001254   0x0000001c   Code   RO         3193    i.Digital_GPIO_Config  digital.o
    0x08001270   0x00000190   Code   RO         3194    i.Digital_In        digital.o
    0x08001400   0x00000026   Code   RO         3195    i.Digital_NVIC_Init  digital.o
    0x08001426   0x00000002   PAD
    0x08001428   0x00000194   Code   RO         3196    i.Digital_Out       digital.o
    0x080015bc   0x00000018   Code   RO         3197    i.Digital_longmove_status  digital.o
    0x080015d4   0x0000002c   Code   RO         3664    i.EXTI15_10_IRQHandler  stm32f10x_it.o
    0x08001600   0x0000000c   Code   RO          958    i.EXTI_ClearITPendingBit  stm32f10x_exti.o
    0x0800160c   0x00000028   Code   RO          962    i.EXTI_GetITStatus  stm32f10x_exti.o
    0x08001634   0x00000094   Code   RO          963    i.EXTI_Init         stm32f10x_exti.o
    0x080016c8   0x00000064   Code   RO         3473    i.FarLight_PwmMode_Config  pwm.o
    0x0800172c   0x00000040   Code   RO         1308    i.GPIO_EXTILineConfig  stm32f10x_gpio.o
    0x0800176c   0x00000068   Code   RO         3199    i.GPIO_In_ConfigInit  digital.o
    0x080017d4   0x00000116   Code   RO         1311    i.GPIO_Init         stm32f10x_gpio.o
    0x080018ea   0x00000002   PAD
    0x080018ec   0x0000006c   Code   RO         3200    i.GPIO_Out_ConfigInit  digital.o
    0x08001958   0x00000090   Code   RO         1313    i.GPIO_PinRemapConfig  stm32f10x_gpio.o
    0x080019e8   0x00000012   Code   RO         1315    i.GPIO_ReadInputDataBit  stm32f10x_gpio.o
    0x080019fa   0x00000004   Code   RO         1318    i.GPIO_ResetBits    stm32f10x_gpio.o
    0x080019fe   0x00000004   Code   RO         1319    i.GPIO_SetBits      stm32f10x_gpio.o
    0x08001a02   0x00000002   PAD
    0x08001a04   0x00000064   Code   RO         3474    i.GreenLight_PwmMode_Config  pwm.o
    0x08001a68   0x00000004   Code   RO         3665    i.HardFault_Handler  stm32f10x_it.o
    0x08001a6c   0x0000002c   Code   RO         3127    i.HardWareInit      main.o
    0x08001a98   0x00000034   Code   RO         3339    i.IIC_Start         oled.o
    0x08001acc   0x00000024   Code   RO         3340    i.IIC_Stop          oled.o
    0x08001af0   0x00000040   Code   RO         3341    i.IIC_Wait_Ack      oled.o
    0x08001b30   0x00000038   Code   RO         3201    i.InitTask1         digital.o
    0x08001b68   0x00000024   Code   RO         3537    i.InitTask2         adc.o
    0x08001b8c   0x00000018   Code   RO         3342    i.InitTask3         oled.o
    0x08001ba4   0x00000028   Code   RO         3792    i.InitTask4         flatbed_usb.o
    0x08001bcc   0x00000018   Code   RO         3859    i.InitTask5         can.o
    0x08001be4   0x00000060   Code   RO         3128    i.JTAG_GPIO_Config  main.o
    0x08001c44   0x00000004   Code   RO         3666    i.MemManage_Handler  stm32f10x_it.o
    0x08001c48   0x00000002   Code   RO         3667    i.NMI_Handler       stm32f10x_it.o
    0x08001c4a   0x00000002   PAD
    0x08001c4c   0x00000070   Code   RO          137    i.NVIC_Init         misc.o
    0x08001cbc   0x00000014   Code   RO          138    i.NVIC_PriorityGroupConfig  misc.o
    0x08001cd0   0x00000064   Code   RO         3475    i.NearLight_PwmMode_Config  pwm.o
    0x08001d34   0x00000040   Code   RO         3343    i.OLED_Clear        oled.o
    0x08001d74   0x0000001c   Code   RO         3344    i.OLED_ConfigInit   oled.o
    0x08001d90   0x000000dc   Code   RO         3345    i.OLED_Init         oled.o
    0x08001e6c   0x00000028   Code   RO         3347    i.OLED_Set_Pos      oled.o
    0x08001e94   0x000000a4   Code   RO         3348    i.OLED_ShowChar     oled.o
    0x08001f38   0x00000088   Code   RO         3349    i.OLED_ShowNum      oled.o
    0x08001fc0   0x0000003a   Code   RO         3350    i.OLED_ShowString   oled.o
    0x08001ffa   0x00000018   Code   RO         3351    i.OLED_WR_Byte      oled.o
    0x08002012   0x00000002   PAD
    0x08002014   0x00000068   Code   RO         3476    i.PWM_Init_enable   pwm.o
    0x0800207c   0x00000002   Code   RO         3668    i.PendSV_Handler    stm32f10x_it.o
    0x0800207e   0x00000002   PAD
    0x08002080   0x00000018   Code   RO         1725    i.RCC_ADCCLKConfig  stm32f10x_rcc.o
    0x08002098   0x00000020   Code   RO         1726    i.RCC_AHBPeriphClockCmd  stm32f10x_rcc.o
    0x080020b8   0x00000020   Code   RO         1727    i.RCC_APB1PeriphClockCmd  stm32f10x_rcc.o
    0x080020d8   0x00000020   Code   RO         1728    i.RCC_APB1PeriphResetCmd  stm32f10x_rcc.o
    0x080020f8   0x00000020   Code   RO         1729    i.RCC_APB2PeriphClockCmd  stm32f10x_rcc.o
    0x08002118   0x000000dc   Code   RO         1737    i.RCC_GetClocksFreq  stm32f10x_rcc.o
    0x080021f4   0x0000006c   Code   RO         3477    i.RedLight_PwmMode_Config  pwm.o
    0x08002260   0x00000002   Code   RO         3669    i.SVC_Handler       stm32f10x_it.o
    0x08002262   0x0000002a   Code   RO         3202    i.SW1EXIT_Control   digital.o
    0x0800228c   0x00000008   Code   RO           24    i.SetSysClock       system_stm32f10x.o
    0x08002294   0x000000e0   Code   RO           25    i.SetSysClockTo72   system_stm32f10x.o
    0x08002374   0x00000024   Code   RO         3203    i.Set_Digital_Put   digital.o
    0x08002398   0x00000068   Code   RO         3204    i.Set_LeftTurnLight_control  digital.o
    0x08002400   0x00000068   Code   RO         3205    i.Set_RightTurnLight_control  digital.o
    0x08002468   0x00000048   Code   RO         3291    i.Set_TimerX_IT     timer.o
    0x080024b0   0x000000c8   Code   RO         3670    i.SysTick_Handler   stm32f10x_it.o
    0x08002578   0x00000068   Code   RO         3671    i.SysTick_Init      stm32f10x_it.o
    0x080025e0   0x00000060   Code   RO           27    i.SystemInit        system_stm32f10x.o
    0x08002640   0x00000048   Code   RO         3672    i.TIM1_UP_IRQHandler  stm32f10x_it.o
    0x08002688   0x00000044   Code   RO         3673    i.TIM2_IRQHandler   stm32f10x_it.o
    0x080026cc   0x0000001c   Code   RO         3674    i.TIM3_IRQHandler   stm32f10x_it.o
    0x080026e8   0x00000018   Code   RO         2349    i.TIM_ARRPreloadConfig  stm32f10x_tim.o
    0x08002700   0x00000006   Code   RO         2355    i.TIM_ClearFlag     stm32f10x_tim.o
    0x08002706   0x00000006   Code   RO         2356    i.TIM_ClearITPendingBit  stm32f10x_tim.o
    0x0800270c   0x00000018   Code   RO         2361    i.TIM_Cmd           stm32f10x_tim.o
    0x08002724   0x0000001e   Code   RO         2363    i.TIM_CtrlPWMOutputs  stm32f10x_tim.o
    0x08002742   0x00000022   Code   RO         2382    i.TIM_GetITStatus   stm32f10x_tim.o
    0x08002764   0x00000012   Code   RO         2386    i.TIM_ITConfig      stm32f10x_tim.o
    0x08002776   0x00000002   PAD
    0x08002778   0x00000098   Code   RO         2390    i.TIM_OC1Init       stm32f10x_tim.o
    0x08002810   0x00000012   Code   RO         2393    i.TIM_OC1PreloadConfig  stm32f10x_tim.o
    0x08002822   0x00000002   PAD
    0x08002824   0x000000a4   Code   RO         2395    i.TIM_OC2Init       stm32f10x_tim.o
    0x080028c8   0x0000001a   Code   RO         2398    i.TIM_OC2PreloadConfig  stm32f10x_tim.o
    0x080028e2   0x00000002   PAD
    0x080028e4   0x000000a0   Code   RO         2400    i.TIM_OC3Init       stm32f10x_tim.o
    0x08002984   0x00000012   Code   RO         2403    i.TIM_OC3PreloadConfig  stm32f10x_tim.o
    0x08002996   0x00000004   Code   RO         2423    i.TIM_SetCompare2   stm32f10x_tim.o
    0x0800299a   0x00000004   Code   RO         2424    i.TIM_SetCompare3   stm32f10x_tim.o
    0x0800299e   0x00000002   PAD
    0x080029a0   0x000000a4   Code   RO         2432    i.TIM_TimeBaseInit  stm32f10x_tim.o
    0x08002a44   0x0000002c   Code   RO         3478    i.TIMx_GPIO_Config  pwm.o
    0x08002a70   0x00000066   Code   RO         3292    i.TIMx_NVIC_Configuration  timer.o
    0x08002ad6   0x00000002   PAD
    0x08002ad8   0x00000024   Code   RO         3206    i.Task1_Digital_In_Out  digital.o
    0x08002afc   0x00000024   Code   RO         3538    i.Task2_ADC_In      adc.o
    0x08002b20   0x00000024   Code   RO         3352    i.Task3_oled_show   oled.o
    0x08002b44   0x00000024   Code   RO         3793    i.Task4_flatbed_Communication  flatbed_usb.o
    0x08002b68   0x00000024   Code   RO         3860    i.Task5_CAN_SEND_REV  can.o
    0x08002b8c   0x00000030   Code   RO         3293    i.Timer1_BaseInitStruct_Config  timer.o
    0x08002bbc   0x0000002c   Code   RO         3294    i.Timer2_BaseInitStruct_Config  timer.o
    0x08002be8   0x00000030   Code   RO         3295    i.Timer3_BaseInitStruct_Config  timer.o
    0x08002c18   0x00000008   Code   RO         3296    i.TimerNVIC_ConfigInit  timer.o
    0x08002c20   0x0000003a   Code   RO         3479    i.Timer_out_ConfigInit  pwm.o
    0x08002c5a   0x00000002   PAD
    0x08002c5c   0x0000009c   Code   RO         3596    i.USART1_Config     usart.o
    0x08002cf8   0x0000004c   Code   RO         3675    i.USART1_IRQHandler  stm32f10x_it.o
    0x08002d44   0x00000026   Code   RO         3597    i.USART1_NVIC_Init  usart.o
    0x08002d6a   0x00000012   Code   RO         2893    i.USART_ClearFlag   stm32f10x_usart.o
    0x08002d7c   0x0000001e   Code   RO         2894    i.USART_ClearITPendingBit  stm32f10x_usart.o
    0x08002d9a   0x00000018   Code   RO         2897    i.USART_Cmd         stm32f10x_usart.o
    0x08002db2   0x00000012   Code   RO         2898    i.USART_DMACmd      stm32f10x_usart.o
    0x08002dc4   0x0000001a   Code   RO         2900    i.USART_GetFlagStatus  stm32f10x_usart.o
    0x08002dde   0x00000054   Code   RO         2901    i.USART_GetITStatus  stm32f10x_usart.o
    0x08002e32   0x0000004a   Code   RO         2903    i.USART_ITConfig    stm32f10x_usart.o
    0x08002e7c   0x000000d8   Code   RO         2904    i.USART_Init        stm32f10x_usart.o
    0x08002f54   0x00000028   Code   RO         3598    i.USART_RX_DMA_enable  usart.o
    0x08002f7c   0x0000000a   Code   RO         2911    i.USART_ReceiveData  stm32f10x_usart.o
    0x08002f86   0x00000008   Code   RO         2914    i.USART_SendData    stm32f10x_usart.o
    0x08002f8e   0x00000008   Code   RO         3676    i.USB_LP_CAN1_RX0_IRQHandler  stm32f10x_it.o
    0x08002f96   0x00000002   PAD
    0x08002f98   0x00000020   Code   RO         3599    i.USB_USART_Config  usart.o
    0x08002fb8   0x00000004   Code   RO         3677    i.UsageFault_Handler  stm32f10x_it.o
    0x08002fbc   0x00000038   Code   RO         3794    i.Usart1_Send       flatbed_usb.o
    0x08002ff4   0x0000001e   Code   RO         3600    i.Usart_SendByte    usart.o
    0x08003012   0x00000002   PAD
    0x08003014   0x0000005c   Code   RO         3353    i.Write_IIC_Byte    oled.o
    0x08003070   0x0000002c   Code   RO         3354    i.Write_IIC_Command  oled.o
    0x0800309c   0x0000002c   Code   RO         3355    i.Write_IIC_Data    oled.o
    0x080030c8   0x0000000e   Code   RO         4029    i.__scatterload_copy  mc_w.l(handlers.o)
    0x080030d6   0x00000002   Code   RO         4030    i.__scatterload_null  mc_w.l(handlers.o)
    0x080030d8   0x0000000e   Code   RO         4031    i.__scatterload_zeroinit  mc_w.l(handlers.o)
    0x080030e6   0x00000002   PAD
    0x080030e8   0x00000068   Code   RO         3795    i.command10_sendFun  flatbed_usb.o
    0x08003150   0x00000028   Code   RO         3480    i.farlight_Set      pwm.o
    0x08003178   0x00000038   Code   RO         3356    i.i2c_CfgGpio       oled.o
    0x080031b0   0x0000000e   Code   RO         3357    i.i2c_Delay         oled.o
    0x080031be   0x00000002   PAD
    0x080031c0   0x00000064   Code   RO         3129    i.main              main.o
    0x08003224   0x0000006c   Code   RO         3967    i.malloc            mc_w.l(malloc.o)
    0x08003290   0x0000003e   Code   RO         3207    i.myThread1         digital.o
    0x080032ce   0x00000030   Code   RO         3539    i.myThread2         adc.o
    0x080032fe   0x00000002   PAD
    0x08003300   0x0000008c   Code   RO         3358    i.myThread3         oled.o
    0x0800338c   0x00000030   Code   RO         3796    i.myThread4         flatbed_usb.o
    0x080033bc   0x0000005c   Code   RO         3861    i.myThread5         can.o
    0x08003418   0x00000028   Code   RO         3481    i.nearlight_Set     pwm.o
    0x08003440   0x00000016   Code   RO         3359    i.oled_pow          oled.o
    0x08003456   0x00000002   PAD
    0x08003458   0x000003fc   Code   RO         3360    i.oled_show         oled.o
    0x08003854   0x00000c58   Data   RO         3361    .constdata          oled.o
    0x080044ac   0x00000020   Data   RO         4027    Region$$Table       anon$$obj.o


    Execution Region RW_IRAM1 (Base: 0x20000000, Size: 0x000007a0, Max: 0x00005000, ABSOLUTE)

    Base Addr    Size         Type   Attr      Idx    E Section Name        Object

    0x20000000   0x00000014   Data   RW           28    .data               system_stm32f10x.o
    0x20000014   0x00000014   Data   RW         1757    .data               stm32f10x_rcc.o
    0x20000028   0x00000008   Data   RW         3362    .data               oled.o
    0x20000030   0x00000008   Data   RW         3542    .data               adc.o
    0x20000038   0x00000002   Data   RW         3604    .data               usart.o
    0x2000003a   0x00000002   PAD
    0x2000003c   0x0000001c   Data   RW         3678    .data               stm32f10x_it.o
    0x20000058   0x0000000d   Data   RW         3797    .data               flatbed_usb.o
    0x20000065   0x00000003   Data   RW         3863    .data               can.o
    0x20000068   0x00000004   Data   RW         4020    .data               mc_w.l(mvars.o)
    0x2000006c   0x00000004   Data   RW         4021    .data               mc_w.l(mvars.o)
    0x20000070   0x0000000c   Zero   RW         3208    .bss                digital.o
    0x2000007c   0x0000000a   Zero   RW         3541    .bss                adc.o
    0x20000086   0x000000f2   Zero   RW         3603    .bss                usart.o
    0x20000178   0x00000028   Zero   RW         3862    .bss                can.o
    0x200001a0   0x00000200   Zero   RW            2    HEAP                startup_stm32f10x_md.o
    0x200003a0   0x00000400   Zero   RW            1    STACK               startup_stm32f10x_md.o


==============================================================================

Image component sizes


      Code (inc. data)   RO Data    RW Data    ZI Data      Debug   Object Name

       718         46          0          8         10       6341   adc.o
       658         62          0          3         40       6427   can.o
         0          0          0          0          0       4504   core_cm3.o
      1546         88          0          0         12       9930   digital.o
       712         52          0         13          0       6459   flatbed_usb.o
       240         20          0          0          0       1271   main.o
       132         22          0          0          0     223943   misc.o
      2378        218       3160          8          0      12133   oled.o
       794         26          0          0          0       4876   pwm.o
        36          8        236          0       1536        796   startup_stm32f10x_md.o
       444         10          0          0          0       8312   stm32f10x_adc.o
      1180         12          0          0          0       4898   stm32f10x_can.o
       452         18          0          0          0       4091   stm32f10x_dma.o
       200         18          0          0          0       1836   stm32f10x_exti.o
       512         10          0          0          0       4628   stm32f10x_gpio.o
       672        104          0         28          0      23244   stm32f10x_it.o
       372         58          0         20          0       5618   stm32f10x_rcc.o
       852         82          0          0          0       9085   stm32f10x_tim.o
       508          6          0          0          0       7196   stm32f10x_usart.o
       328         28          0         20          0      55053   system_stm32f10x.o
       322         22          0          0          0       3056   timer.o
       468         50          0          2        242       4790   usart.o

    ----------------------------------------------------------------------
     13568        960       3428        104       1840     408487   Object Totals
         0          0         32          0          0          0   (incl. Generated)
        44          0          0          2          0          0   (incl. Padding)

    ----------------------------------------------------------------------

      Code (inc. data)   RO Data    RW Data    ZI Data      Debug   Library Member Name

         0          0          0          0          0          0   entry.o
         0          0          0          0          0          0   entry10a.o
         0          0          0          0          0          0   entry11a.o
         8          4          0          0          0          0   entry2.o
         4          0          0          0          0          0   entry5.o
         0          0          0          0          0          0   entry7b.o
         0          0          0          0          0          0   entry8b.o
         8          4          0          0          0          0   entry9a.o
        30          0          0          0          0          0   handlers.o
        36          8          0          0          0         68   init.o
         0          0          0          0          0          0   iusefp.o
       108         16          0          0          0         84   malloc.o
        36          0          0          0          0        108   memseta.o
         0          0          0          8          0          0   mvars.o
       124          0          0          0          0         88   fdiv.o
       110          0          0          0          0        168   fepilogue.o
        40          0          0          0          0         68   ffixui.o
        10          0          0          0          0         68   ffltui.o
       100          0          0          0          0         76   fmul.o

    ----------------------------------------------------------------------
       616         32          0          8          0        728   Library Totals
         2          0          0          0          0          0   (incl. Padding)

    ----------------------------------------------------------------------

      Code (inc. data)   RO Data    RW Data    ZI Data      Debug   Library Name

       230         32          0          8          0        260   mc_w.l
       384          0          0          0          0        468   mf_w.l

    ----------------------------------------------------------------------
       616         32          0          8          0        728   Library Totals

    ----------------------------------------------------------------------

==============================================================================


      Code (inc. data)   RO Data    RW Data    ZI Data      Debug   

     14184        992       3428        112       1840     400111   Grand Totals
     14184        992       3428        112       1840     400111   ELF Image Totals
     14184        992       3428        112          0          0   ROM Totals

==============================================================================

    Total RO  Size (Code + RO Data)                17612 (  17.20kB)
    Total RW  Size (RW Data + ZI Data)              1952 (   1.91kB)
    Total ROM Size (Code + RO Data + RW Data)      17724 (  17.31kB)

==============================================================================

